Component: ARM Compiler 5.06 update 6 (build 750) Tool: armlink [4d35ed]

==============================================================================

Section Cross References

    main.o(.text) refers to cpu_core.o(.text) for CPU_Init
    main.o(.text) refers to cpu_a.o(.text) for CPU_SR_Save
    main.o(.text) refers to os_task.o(.text) for OSTaskCreate
    main.o(.text) refers to os_core.o(.text) for OS_Sched0
    main.o(.text) refers to delay.o(.text) for delay_init
    main.o(.text) refers to misc.o(.text) for NVIC_PriorityGroupConfig
    main.o(.text) refers to usart.o(.text) for uart_init
    main.o(.text) refers to can.o(.text) for CAN1_Init
    main.o(.text) refers to encoder.o(.text) for Encoder_Init
    main.o(.text) refers to led.o(.text) for LED_Init
    main.o(.text) refers to pid.o(.text) for All_Pid_Init
    main.o(.text) refers to os_var.o(.data) for OSSchedLockNestingCtr
    main.o(.text) refers to main.o(.bss) for .bss
    main.o(.text) refers to pr_task.o(.text) for Control_task
    main.o(.text) refers to os_var.o(.data) for OSIntQNbrEntries
    system_stm32f4xx.o(.text) refers to system_stm32f4xx.o(.data) for .data
    startup_stm32f40_41xxx.o(STACK) refers (Special) to heapauxi.o(.text) for __use_two_region_memory
    startup_stm32f40_41xxx.o(HEAP) refers (Special) to heapauxi.o(.text) for __use_two_region_memory
    startup_stm32f40_41xxx.o(RESET) refers (Special) to heapauxi.o(.text) for __use_two_region_memory
    startup_stm32f40_41xxx.o(RESET) refers to startup_stm32f40_41xxx.o(STACK) for __initial_sp
    startup_stm32f40_41xxx.o(RESET) refers to startup_stm32f40_41xxx.o(.text) for Reset_Handler
    startup_stm32f40_41xxx.o(RESET) refers to stm32f4xx_it.o(.text) for NMI_Handler
    startup_stm32f40_41xxx.o(RESET) refers to os_cpu_a.o(CODE) for PendSV_Handler
    startup_stm32f40_41xxx.o(RESET) refers to delay.o(.text) for SysTick_Handler
    startup_stm32f40_41xxx.o(RESET) refers to can.o(.text) for CAN1_RX0_IRQHandler
    startup_stm32f40_41xxx.o(RESET) refers to tim.o(.text) for TIM2_IRQHandler
    startup_stm32f40_41xxx.o(RESET) refers to usart.o(.text) for USART1_IRQHandler
    startup_stm32f40_41xxx.o(.text) refers (Special) to heapauxi.o(.text) for __use_two_region_memory
    startup_stm32f40_41xxx.o(.text) refers to system_stm32f4xx.o(.text) for SystemInit
    startup_stm32f40_41xxx.o(.text) refers to __main.o(!!!main) for __main
    startup_stm32f40_41xxx.o(.text) refers to startup_stm32f40_41xxx.o(HEAP) for Heap_Mem
    startup_stm32f40_41xxx.o(.text) refers to startup_stm32f40_41xxx.o(STACK) for Stack_Mem
    stm32f4xx_gpio.o(.text) refers to stm32f4xx_rcc.o(.text) for RCC_AHB1PeriphResetCmd
    stm32f4xx_rcc.o(.text) refers to stm32f4xx_rcc.o(.data) for .data
    stm32f4xx_syscfg.o(.text) refers to stm32f4xx_rcc.o(.text) for RCC_APB2PeriphResetCmd
    stm32f4xx_usart.o(.text) refers to stm32f4xx_rcc.o(.text) for RCC_APB2PeriphResetCmd
    stm32f4xx_fsmc.o(.text) refers to stm32f4xx_fsmc.o(.constdata) for .constdata
    stm32f4xx_tim.o(.text) refers to stm32f4xx_rcc.o(.text) for RCC_APB2PeriphResetCmd
    stm32f4xx_can.o(.text) refers to stm32f4xx_rcc.o(.text) for RCC_APB1PeriphResetCmd
    delay.o(.text) refers to os_core.o(.text) for OSSchedLock
    delay.o(.text) refers to os_time.o(.text) for OSTimeDly
    delay.o(.text) refers to misc.o(.text) for SysTick_CLKSourceConfig
    delay.o(.text) refers to os_var.o(.data) for OSRunning
    delay.o(.text) refers to delay.o(.data) for .data
    delay.o(.text) refers to os_cfg_app.o(.constdata) for OSCfg_TickRate_Hz
    delay.o(.text) refers to os_var.o(.data) for OSIntNestingCtr
    usart.o(.rev16_text) refers (Special) to use_no_semi_2.o(.text) for __use_no_semihosting
    usart.o(.revsh_text) refers (Special) to use_no_semi_2.o(.text) for __use_no_semihosting
    usart.o(.text) refers (Special) to use_no_semi_2.o(.text) for __use_no_semihosting
    usart.o(.text) refers to stm32f4xx_rcc.o(.text) for RCC_AHB1PeriphClockCmd
    usart.o(.text) refers to stm32f4xx_gpio.o(.text) for GPIO_PinAFConfig
    usart.o(.text) refers to stm32f4xx_usart.o(.text) for USART_Init
    usart.o(.text) refers to misc.o(.text) for NVIC_Init
    usart.o(.text) refers to os_core.o(.text) for OSIntEnter
    usart.o(.text) refers to usart.o(.data) for .data
    usart.o(.text) refers to usart.o(.bss) for .bss
    usart.o(.bss) refers (Special) to use_no_semi_2.o(.text) for __use_no_semihosting
    usart.o(.data) refers (Special) to use_no_semi_2.o(.text) for __use_no_semihosting
    usart.o(.data) refers (Special) to use_no_semi_2.o(.text) for __use_no_semihosting
    bsp.o(.text) refers to stm32f4xx_rcc.o(.text) for RCC_GetClocksFreq
    bsp.o(.text) refers to cpu_core.o(.text) for CPU_TS_TmrFreqSet
    bsp.o(.text) refers to lludivv7m.o(.text) for __aeabi_uldivmod
    cpu_c.o(.text) refers to cpu_a.o(.text) for CPU_SR_Save
    cpu_core.o(.text) refers to cpu_a.o(.text) for CPU_SR_Save
    cpu_core.o(.text) refers to lib_mem.o(.text) for Mem_Clr
[...]
    TIM_DeInit                               0x080010b5   Thumb Code   284  stm32f4xx_tim.o(.text)
    TIM_TimeBaseInit                         0x080011d1   Thumb Code    96  stm32f4xx_tim.o(.text)
    TIM_TimeBaseStructInit                   0x08001231   Thumb Code    18  stm32f4xx_tim.o(.text)
    TIM_PrescalerConfig                      0x08001243   Thumb Code     6  stm32f4xx_tim.o(.text)
    TIM_CounterModeConfig                    0x08001249   Thumb Code    12  stm32f4xx_tim.o(.text)
    TIM_SetCounter                           0x08001255   Thumb Code     4  stm32f4xx_tim.o(.text)
    TIM_SetAutoreload                        0x08001259   Thumb Code     4  stm32f4xx_tim.o(.text)
    TIM_GetCounter                           0x0800125d   Thumb Code     4  stm32f4xx_tim.o(.text)
    TIM_GetPrescaler                         0x08001261   Thumb Code     4  stm32f4xx_tim.o(.text)
    TIM_UpdateDisableConfig                  0x08001265   Thumb Code    20  stm32f4xx_tim.o(.text)
    TIM_UpdateRequestConfig                  0x08001279   Thumb Code    20  stm32f4xx_tim.o(.text)
    TIM_ARRPreloadConfig                     0x0800128d   Thumb Code    20  stm32f4xx_tim.o(.text)
    TIM_SelectOnePulseMode                   0x080012a1   Thumb Code    16  stm32f4xx_tim.o(.text)
    TIM_SetClockDivision                     0x080012b1   Thumb Code    16  stm32f4xx_tim.o(.text)
    TIM_Cmd                                  0x080012c1   Thumb Code    20  stm32f4xx_tim.o(.text)
    TIM_OC1Init                              0x080012d5   Thumb Code    88  stm32f4xx_tim.o(.text)
    TIM_OC2Init                              0x0800132d   Thumb Code   120  stm32f4xx_tim.o(.text)
    TIM_OC3Init                              0x080013a5   Thumb Code   116  stm32f4xx_tim.o(.text)
    TIM_OC4Init                              0x08001419   Thumb Code    88  stm32f4xx_tim.o(.text)
    TIM_OCStructInit                         0x08001471   Thumb Code    20  stm32f4xx_tim.o(.text)
    TIM_SelectOCxM                           0x08001485   Thumb Code   130  stm32f4xx_tim.o(.text)
    TIM_SetCompare1                          0x08001507   Thumb Code     4  stm32f4xx_tim.o(.text)
    TIM_SetCompare2                          0x0800150b   Thumb Code     4  stm32f4xx_tim.o(.text)
    TIM_SetCompare3                          0x0800150f   Thumb Code     4  stm32f4xx_tim.o(.text)
    TIM_SetCompare4                          0x08001513   Thumb Code     4  stm32f4xx_tim.o(.text)
    TIM_ForcedOC1Config                      0x08001517   Thumb Code    12  stm32f4xx_tim.o(.text)
    TIM_ForcedOC2Config                      0x08001523   Thumb Code    20  stm32f4xx_tim.o(.text)
    TIM_ForcedOC3Config                      0x08001537   Thumb Code    12  stm32f4xx_tim.o(.text)
    TIM_ForcedOC4Config                      0x08001543   Thumb Code    20  stm32f4xx_tim.o(.text)
    TIM_OC1PreloadConfig                     0x08001557   Thumb Code    12  stm32f4xx_tim.o(.text)
    TIM_OC2PreloadConfig                     0x08001563   Thumb Code    20  stm32f4xx_tim.o(.text)
    TIM_OC3PreloadConfig                     0x08001577   Thumb Code    12  stm32f4xx_tim.o(.text)
    TIM_OC4PreloadConfig                     0x08001583   Thumb Code    20  stm32f4xx_tim.o(.text)
    TIM_OC1FastConfig                        0x08001597   Thumb Code    12  stm32f4xx_tim.o(.text)
    TIM_OC2FastConfig                        0x080015a3   Thumb Code    20  stm32f4xx_tim.o(.text)
    TIM_OC3FastConfig                        0x080015b7   Thumb Code    12  stm32f4xx_tim.o(.text)
    TIM_OC4FastConfig                        0x080015c3   Thumb Code    20  stm32f4xx_tim.o(.text)
    TIM_ClearOC1Ref                          0x080015d7   Thumb Code    12  stm32f4xx_tim.o(.text)
    TIM_ClearOC2Ref                          0x080015e3   Thumb Code    20  stm32f4xx_tim.o(.text)
    TIM_ClearOC3Ref                          0x080015f7   Thumb Code    12  stm32f4xx_tim.o(.text)
    TIM_ClearOC4Ref                          0x08001603   Thumb Code    20  stm32f4xx_tim.o(.text)
    TIM_OC1PolarityConfig                    0x08001617   Thumb Code    12  stm32f4xx_tim.o(.text)
    TIM_OC1NPolarityConfig                   0x08001623   Thumb Code    12  stm32f4xx_tim.o(.text)
    TIM_OC2PolarityConfig                    0x0800162f   Thumb Code    20  stm32f4xx_tim.o(.text)
    TIM_OC2NPolarityConfig                   0x08001643   Thumb Code    20  stm32f4xx_tim.o(.text)
    TIM_OC3PolarityConfig                    0x08001657   Thumb Code    20  stm32f4xx_tim.o(.text)
    TIM_OC3NPolarityConfig                   0x0800166b   Thumb Code    20  stm32f4xx_tim.o(.text)
    TIM_OC4PolarityConfig                    0x0800167f   Thumb Code    20  stm32f4xx_tim.o(.text)
    TIM_CCxCmd                               0x08001693   Thumb Code    22  stm32f4xx_tim.o(.text)
    TIM_CCxNCmd                              0x080016a9   Thumb Code    22  stm32f4xx_tim.o(.text)
    TIM_SetIC4Prescaler                      0x080016bf   Thumb Code    24  stm32f4xx_tim.o(.text)
    TIM_SetIC3Prescaler                      0x080016d7   Thumb Code    16  stm32f4xx_tim.o(.text)
    TIM_SetIC2Prescaler                      0x080016e7   Thumb Code    24  stm32f4xx_tim.o(.text)
    TIM_SetIC1Prescaler                      0x08001735   Thumb Code    16  stm32f4xx_tim.o(.text)
    TIM_ICInit                               0x08001745   Thumb Code   164  stm32f4xx_tim.o(.text)
    TIM_ICStructInit                         0x080017e9   Thumb Code    16  stm32f4xx_tim.o(.text)
    TIM_PWMIConfig                           0x080017f9   Thumb Code   104  stm32f4xx_tim.o(.text)
    TIM_GetCapture1                          0x08001861   Thumb Code     4  stm32f4xx_tim.o(.text)
    TIM_GetCapture2                          0x08001865   Thumb Code     4  stm32f4xx_tim.o(.text)
    TIM_GetCapture3                          0x08001869   Thumb Code     4  stm32f4xx_tim.o(.text)
    TIM_GetCapture4                          0x0800186d   Thumb Code     4  stm32f4xx_tim.o(.text)
    TIM_BDTRConfig                           0x08001871   Thumb Code    34  stm32f4xx_tim.o(.text)
    TIM_BDTRStructInit                       0x08001893   Thumb Code    18  stm32f4xx_tim.o(.text)
    TIM_CtrlPWMOutputs                       0x080018a5   Thumb Code    22  stm32f4xx_tim.o(.text)
    TIM_SelectCOM                            0x080018bb   Thumb Code    20  stm32f4xx_tim.o(.text)
    TIM_CCPreloadControl                     0x080018cf   Thumb Code    20  stm32f4xx_tim.o(.text)
    TIM_ITConfig                             0x080018e3   Thumb Code    16  stm32f4xx_tim.o(.text)
    TIM_GenerateEvent                        0x080018f3   Thumb Code     4  stm32f4xx_tim.o(.text)
    TIM_GetFlagStatus                        0x080018f7   Thumb Code    14  stm32f4xx_tim.o(.text)
    TIM_ClearFlag                            0x08001905   Thumb Code     6  stm32f4xx_tim.o(.text)
    TIM_GetITStatus                          0x0800190b   Thumb Code    24  stm32f4xx_tim.o(.text)
    TIM_ClearITPendingBit                    0x08001923   Thumb Code     6  stm32f4xx_tim.o(.text)
    TIM_DMAConfig                            0x08001929   Thumb Code     8  stm32f4xx_tim.o(.text)
    TIM_DMACmd                               0x08001931   Thumb Code    16  stm32f4xx_tim.o(.text)
    TIM_SelectCCDMA                          0x08001941   Thumb Code    20  stm32f4xx_tim.o(.text)
    TIM_InternalClockConfig                  0x08001955   Thumb Code    10  stm32f4xx_tim.o(.text)
    TIM_SelectInputTrigger                   0x0800195f   Thumb Code    12  stm32f4xx_tim.o(.text)
    TIM_ITRxExternalClockConfig              0x0800196b   Thumb Code    18  stm32f4xx_tim.o(.text)
    TIM_TIxExternalClockConfig               0x0800197d   Thumb Code    46  stm32f4xx_tim.o(.text)
    TIM_ETRConfig                            0x080019ab   Thumb Code    24  stm32f4xx_tim.o(.text)
    TIM_ETRClockMode1Config                  0x080019c3   Thumb Code    18  stm32f4xx_tim.o(.text)
    TIM_ETRClockMode2Config                  0x080019d5   Thumb Code    18  stm32f4xx_tim.o(.text)
    TIM_SelectOutputTrigger                  0x080019e7   Thumb Code    16  stm32f4xx_tim.o(.text)
    TIM_SelectSlaveMode                      0x080019f7   Thumb Code    16  stm32f4xx_tim.o(.text)
    TIM_SelectMasterSlaveMode                0x08001a07   Thumb Code    16  stm32f4xx_tim.o(.text)
    TIM_EncoderInterfaceConfig               0x08001a17   Thumb Code    50  stm32f4xx_tim.o(.text)
    TIM_SelectHallSensor                     0x08001a49   Thumb Code    20  stm32f4xx_tim.o(.text)
    TIM_RemapConfig                          0x08001a5d   Thumb Code     6  stm32f4xx_tim.o(.text)
    CAN_DeInit                               0x08001a91   Thumb Code    38  stm32f4xx_can.o(.text)
    CAN_Init                                 0x08001ab7   Thumb Code   232  stm32f4xx_can.o(.text)
    CAN_FilterInit                           0x08001b9f   Thumb Code   194  stm32f4xx_can.o(.text)
    CAN_StructInit                           0x08001c61   Thumb Code    32  stm32f4xx_can.o(.text)
    CAN_SlaveStartBank                       0x08001c81   Thumb Code    38  stm32f4xx_can.o(.text)
    CAN_DBGFreeze                            0x08001ca7   Thumb Code    20  stm32f4xx_can.o(.text)
    CAN_TTComModeCmd                         0x08001cbb   Thumb Code    90  stm32f4xx_can.o(.text)
    CAN_Transmit                             0x08001d15   Thumb Code   164  stm32f4xx_can.o(.text)
    CAN_TransmitStatus                       0x08001db9   Thumb Code    88  stm32f4xx_can.o(.text)
    CAN_CancelTransmit                       0x08001e11   Thumb Code    36  stm32f4xx_can.o(.text)
    CAN_Receive                              0x08001e35   Thumb Code   178  stm32f4xx_can.o(.text)
    CAN_FIFORelease                          0x08001ee7   Thumb Code    22  stm32f4xx_can.o(.text)
    CAN_MessagePending                       0x08001efd   Thumb Code    22  stm32f4xx_can.o(.text)
    CAN_OperatingModeRequest                 0x08001f13   Thumb Code   140  stm32f4xx_can.o(.text)
    CAN_Sleep                                0x08001f9f   Thumb Code    30  stm32f4xx_can.o(.text)
    CAN_WakeUp                               0x08001fbd   Thumb Code    40  stm32f4xx_can.o(.text)
    CAN_GetLastErrorCode                     0x08001fe5   Thumb Code    10  stm32f4xx_can.o(.text)
    CAN_GetReceiveErrorCounter               0x08001fef   Thumb Code     6  stm32f4xx_can.o(.text)
    CAN_GetLSBTransmitErrorCounter           0x08001ff5   Thumb Code     8  stm32f4xx_can.o(.text)
    CAN_ITConfig                             0x08001ffd   Thumb Code    16  stm32f4xx_can.o(.text)
    CAN_GetFlagStatus                        0x0800200d   Thumb Code    52  stm32f4xx_can.o(.text)
    CAN_ClearFlag                            0x08002041   Thumb Code    44  stm32f4xx_can.o(.text)
    CAN_GetITStatus                          0x0800206d   Thumb Code   162  stm32f4xx_can.o(.text)
    CAN_ClearITPendingBit                    0x0800210f   Thumb Code   116  stm32f4xx_can.o(.text)
    delay_osschedlock                        0x08002199   Thumb Code    10  delay.o(.text)
    delay_osschedunlock                      0x080021a3   Thumb Code    10  delay.o(.text)
    delay_ostimedly                          0x080021ad   Thumb Code    12  delay.o(.text)
    SysTick_Handler                          0x080021b9   Thumb Code    28  delay.o(.text)
    delay_init                               0x080021d5   Thumb Code    66  delay.o(.text)
    delay_us                                 0x08002217   Thumb Code    62  delay.o(.text)
    delay_ms                                 0x08002255   Thumb Code    54  delay.o(.text)
    _sys_exit                                0x080022a1   Thumb Code     2  usart.o(.text)
    fputc                                    0x080022a3   Thumb Code    14  usart.o(.text)
    uart_init                                0x080022b1   Thumb Code   172  usart.o(.text)
    USART1_IRQHandler                        0x0800235d   Thumb Code    94  usart.o(.text)
    BSP_CPU_ClkFreq                          0x080023cd   Thumb Code    14  bsp.o(.text)
    CPU_TS_TmrInit                           0x080023db   Thumb Code    38  bsp.o(.text)
    CPU_TS_TmrRd                             0x08002401   Thumb Code     6  bsp.o(.text)
    CPU_TS32_to_uSec                         0x08002407   Thumb Code    32  bsp.o(.text)
    CPU_NameClr                              0x08002435   Thumb Code    26  cpu_core.o(.text)
    CPU_Init                                 0x0800244f   Thumb Code    18  cpu_core.o(.text)
    CPU_SW_Exception                         0x08002461   Thumb Code     2  cpu_core.o(.text)
    CPU_NameGet                              0x08002463   Thumb Code    46  cpu_core.o(.text)
    CPU_NameSet                              0x08002491   Thumb Code    62  cpu_core.o(.text)
    CPU_TS_Get32                             0x080024cf   Thumb Code     4  cpu_core.o(.text)
    CPU_TS_Update                            0x080024d3   Thumb Code     2  cpu_core.o(.text)
    CPU_TS_TmrFreqGet                        0x080024d5   Thumb Code    24  cpu_core.o(.text)
    CPU_TS_TmrFreqSet                        0x080024ed   Thumb Code     6  cpu_core.o(.text)
    CPU_CntLeadZeros08                       0x080024f3   Thumb Code    10  cpu_core.o(.text)
    CPU_CntLeadZeros16                       0x080024fd   Thumb Code    10  cpu_core.o(.text)
    CPU_CntLeadZeros32                       0x08002507   Thumb Code     4  cpu_core.o(.text)
    CPU_CntLeadZeros64                       0x0800250b   Thumb Code   152  cpu_core.o(.text)
    CPU_CntTrailZeros08                      0x080025a3   Thumb Code    10  cpu_core.o(.text)
    CPU_CntTrailZeros16                      0x080025ad   Thumb Code    10  cpu_core.o(.text)
    CPU_CntTrailZeros32                      0x080025b7   Thumb Code    10  cpu_core.o(.text)
    CPU_CntTrailZeros64                      0x080025c1   Thumb Code    36  cpu_core.o(.text)
    CPU_IntDis                               0x080025f1   Thumb Code     0  cpu_a.o(.text)
    CPU_IntEn                                0x080025f5   Thumb Code     0  cpu_a.o(.text)
    CPU_SR_Save                              0x080025f9   Thumb Code     0  cpu_a.o(.text)
    CPU_SR_Restore                           0x08002601   Thumb Code     0  cpu_a.o(.text)
    CPU_WaitForInt                           0x08002607   Thumb Code     0  cpu_a.o(.text)
    CPU_WaitForExcept                        0x0800260b   Thumb Code     0  cpu_a.o(.text)
    CPU_CntLeadZeros                         0x0800260f   Thumb Code     0  cpu_a.o(.text)
    CPU_CntTrailZeros                        0x08002615   Thumb Code     0  cpu_a.o(.text)
    CPU_RevBits                              0x0800261f   Thumb Code     0  cpu_a.o(.text)
    ASCII_IsAlpha                            0x08002625   Thumb Code    22  lib_ascii.o(.text)
    ASCII_IsAlphaNum                         0x0800263b   Thumb Code    28  lib_ascii.o(.text)
    ASCII_IsLower                            0x08002657   Thumb Code    14  lib_ascii.o(.text)
    ASCII_IsUpper                            0x08002665   Thumb Code    14  lib_ascii.o(.text)
    ASCII_IsDig                              0x08002673   Thumb Code    14  lib_ascii.o(.text)
    ASCII_IsDigOct                           0x08002681   Thumb Code    14  lib_ascii.o(.text)
    ASCII_IsDigHex                           0x0800268f   Thumb Code    28  lib_ascii.o(.text)
    ASCII_IsBlank                            0x080026ab   Thumb Code    16  lib_ascii.o(.text)
    ASCII_IsSpace                            0x080026bb   Thumb Code    32  lib_ascii.o(.text)
    ASCII_IsPrint                            0x080026db   Thumb Code    14  lib_ascii.o(.text)
    ASCII_IsGraph                            0x080026e9   Thumb Code    14  lib_ascii.o(.text)
    ASCII_IsPunct                            0x080026f7   Thumb Code    58  lib_ascii.o(.text)
    ASCII_IsCtrl                             0x08002731   Thumb Code    22  lib_ascii.o(.text)
    ASCII_ToLower                            0x08002747   Thumb Code    14  lib_ascii.o(.text)
    ASCII_ToUpper                            0x08002755   Thumb Code    14  lib_ascii.o(.text)
    ASCII_Cmp                                0x08002763   Thumb Code    28  lib_ascii.o(.text)
    Mem_Init                                 0x08002781   Thumb Code    54  lib_mem.o(.text)
    Mem_Set                                  0x080027b7   Thumb Code    66  lib_mem.o(.text)
    Mem_Clr                                  0x080027f9   Thumb Code     6  lib_mem.o(.text)
    Mem_Move                                 0x080027ff   Thumb Code   112  lib_mem.o(.text)
    Mem_Cmp                                  0x0800286f   Thumb Code   120  lib_mem.o(.text)
    Mem_HeapAlloc                            0x0800293f   Thumb Code   114  lib_mem.o(.text)
    Mem_SegGetSizeRem                        0x080029b1   Thumb Code    60  lib_mem.o(.text)
    Mem_HeapGetSizeRem                       0x080029ed   Thumb Code     8  lib_mem.o(.text)
    Mem_PoolClr                              0x080029f5   Thumb Code    56  lib_mem.o(.text)
    Mem_PoolCreate                           0x08002a2d   Thumb Code   570  lib_mem.o(.text)
    Mem_PoolBlkGetNbrAvail                   0x08002c67   Thumb Code    26  lib_mem.o(.text)
    Mem_PoolBlkGet                           0x08002c81   Thumb Code    76  lib_mem.o(.text)
    Mem_PoolBlkGetUsedAtIx                   0x08002ccd   Thumb Code    62  lib_mem.o(.text)
    Mem_PoolBlkFree                          0x08002d0b   Thumb Code    94  lib_mem.o(.text)
    Mem_PoolBlkIxGet                         0x08002d69   Thumb Code    92  lib_mem.o(.text)
    Str_Len_N                                0x08002dcd   Thumb Code    22  lib_str.o(.text)
    Str_Len                                  0x08002de3   Thumb Code     6  lib_str.o(.text)
    Str_Copy_N                               0x08002de9   Thumb Code    50  lib_str.o(.text)
    Str_Copy                                 0x08002e1b   Thumb Code     6  lib_str.o(.text)
    Str_Cat_N                                0x08002e21   Thumb Code    62  lib_str.o(.text)
    Str_Cat                                  0x08002e5f   Thumb Code     6  lib_str.o(.text)
    Str_Cmp_N                                0x08002e65   Thumb Code    90  lib_str.o(.text)
    Str_Cmp                                  0x08002ebf   Thumb Code     6  lib_str.o(.text)
    Str_CmpIgnoreCase_N                      0x08002ec5   Thumb Code   148  lib_str.o(.text)
    Str_CmpIgnoreCase                        0x08002f59   Thumb Code     6  lib_str.o(.text)
    Str_Char_N                               0x08002f5f   Thumb Code    46  lib_str.o(.text)
    Str_Char                                 0x08002f8d   Thumb Code     8  lib_str.o(.text)
    Str_Char_Last_N                          0x08002f95   Thumb Code    44  lib_str.o(.text)
    Str_Char_Last                            0x08002fc1   Thumb Code     8  lib_str.o(.text)
    Str_Char_Replace_N                       0x08002fc9   Thumb Code    40  lib_str.o(.text)
    Str_Char_Replace                         0x08002ff1   Thumb Code     6  lib_str.o(.text)
    Str_Str_N                                0x08002ff7   Thumb Code   106  lib_str.o(.text)
    Str_Str                                  0x08003061   Thumb Code     6  lib_str.o(.text)
    Str_FmtNbr_Int32U                        0x080031ab   Thumb Code    24  lib_str.o(.text)
    Str_FmtNbr_Int32S                        0x080031c3   Thumb Code    40  lib_str.o(.text)
    Str_ParseNbr_Int32U                      0x0800332b   Thumb Code    12  lib_str.o(.text)
    Str_ParseNbr_Int32S                      0x08003337   Thumb Code    42  lib_str.o(.text)
    Mem_Copy                                 0x08003365   Thumb Code     0  lib_mem_a.o(.text)
    OSCfg_Init                               0x08003585   Thumb Code     2  os_cfg_app.o(.text)
    OS_IdleTask                              0x08003589   Thumb Code    30  os_core.o(.text)
    OS_IdleTaskInit                          0x080035a7   Thumb Code    62  os_core.o(.text)
    OS_RdyListInit                           0x080035e5   Thumb Code    32  os_core.o(.text)
    OSInit                                   0x08003605   Thumb Code   290  os_core.o(.text)
    OSIntEnter                               0x08003727   Thumb Code    22  os_core.o(.text)
    OSIntExit                                0x0800373d   Thumb Code   100  os_core.o(.text)
    OSSched                                  0x080037a1   Thumb Code    86  os_core.o(.text)
    OS_SchedLockTimeMeasStart                0x080037f7   Thumb Code    20  os_core.o(.text)
    OSSchedLock                              0x0800380b   Thumb Code    72  os_core.o(.text)
    OS_SchedLockTimeMeasStop                 0x08003853   Thumb Code    42  os_core.o(.text)
    OSSchedUnlock                            0x0800387d   Thumb Code    92  os_core.o(.text)
    OSSchedRoundRobinCfg                     0x080038d9   Thumb Code    60  os_core.o(.text)
    OS_RdyListMoveHeadToTail                 0x08003915   Thumb Code    52  os_core.o(.text)
    OSSchedRoundRobinYield                   0x08003949   Thumb Code   266  os_core.o(.text)
    OSStart                                  0x08003a53   Thumb Code    62  os_core.o(.text)
    OSVersion                                0x08003a91   Thumb Code    10  os_core.o(.text)
    OS_PendDbgNameAdd                        0x08003a9b   Thumb Code    46  os_core.o(.text)
    OS_PendListInsertPrio                    0x08003ac9   Thumb Code    90  os_core.o(.text)
    OS_PendDataInit                          0x08003b23   Thumb Code    48  os_core.o(.text)
    OS_RdyListRemove                         0x08003b53   Thumb Code    78  os_core.o(.text)
    OS_TaskBlock                             0x08003ba1   Thumb Code    42  os_core.o(.text)
    OS_Pend                                  0x08003bcb   Thumb Code    72  os_core.o(.text)
    OS_PendListRemove1                       0x08003c13   Thumb Code    54  os_core.o(.text)
    OS_PendListRemove                        0x08003c49   Thumb Code    38  os_core.o(.text)
    OS_PendAbort1                            0x08003c6f   Thumb Code    32  os_core.o(.text)
    OS_RdyListInsertHead                     0x08003c8f   Thumb Code    52  os_core.o(.text)
    OS_RdyListInsertTail                     0x08003cc3   Thumb Code    48  os_core.o(.text)
    OS_RdyListInsert                         0x08003cf3   Thumb Code    38  os_core.o(.text)
    OS_TaskRdy                               0x08003d19   Thumb Code    26  os_core.o(.text)
    OS_PendAbort                             0x08003d33   Thumb Code   134  os_core.o(.text)
    OS_PendDbgNameRemove                     0x08003db9   Thumb Code    22  os_core.o(.text)
    OS_PendListChangePrio                    0x08003dcf   Thumb Code   112  os_core.o(.text)
    OS_PendListInit                          0x08003e3f   Thumb Code    10  os_core.o(.text)
    OS_PendListInsertHead                    0x08003e49   Thumb Code    32  os_core.o(.text)
    OS_PendObjDel1                           0x08003e69   Thumb Code    32  os_core.o(.text)
    OS_PendObjDel                            0x08003e89   Thumb Code   126  os_core.o(.text)
    OS_Post1                                 0x08003f07   Thumb Code    38  os_core.o(.text)
    OS_Post                                  0x08003f2d   Thumb Code   152  os_core.o(.text)
    OS_Sched0                                0x08003fc5   Thumb Code    50  os_core.o(.text)
    OS_SchedRoundRobin                       0x08003ff7   Thumb Code    84  os_core.o(.text)
    OS_Dbg_Init                              0x0800406d   Thumb Code     2  os_dbg.o(.text)
    OS_FlagDbgListAdd                        0x08004071   Thumb Code    26  os_flag.o(.text)
    OSFlagCreate                             0x0800408b   Thumb Code   104  os_flag.o(.text)
    OS_FlagClr                               0x080040f3   Thumb Code    16  os_flag.o(.text)
    OS_FlagDbgListRemove                     0x08004103   Thumb Code    36  os_flag.o(.text)
    OSFlagDel                                0x08004127   Thumb Code   340  os_flag.o(.text)
    OS_FlagBlock                             0x0800427b   Thumb Code    28  os_flag.o(.text)
    OSFlagPend                               0x08004297   Thumb Code   604  os_flag.o(.text)
    OSFlagPendAbort                          0x080044f3   Thumb Code   198  os_flag.o(.text)
    OSFlagPendGetFlagsRdy                    0x080045b9   Thumb Code    44  os_flag.o(.text)
    OS_FlagTaskRdy                           0x080045e5   Thumb Code    68  os_flag.o(.text)
    OS_FlagPost                              0x08004629   Thumb Code   286  os_flag.o(.text)
    OSFlagPost                               0x08004747   Thumb Code   114  os_flag.o(.text)
    OS_FlagInit                              0x080047b9   Thumb Code    14  os_flag.o(.text)
    OS_IntQPost                              0x080047e5   Thumb Code   138  os_int.o(.text)
    OS_IntQRePost                            0x0800486f   Thumb Code   224  os_int.o(.text)
    OS_IntQTask                              0x0800494f   Thumb Code    94  os_int.o(.text)
    OS_IntQTaskInit                          0x080049ad   Thumb Code   194  os_int.o(.text)
    OS_MemDbgListAdd                         0x08004b01   Thumb Code    22  os_mem.o(.text)
    OSMemCreate                              0x08004b17   Thumb Code   186  os_mem.o(.text)
    OSMemGet                                 0x08004bd1   Thumb Code    66  os_mem.o(.text)
    OSMemPut                                 0x08004c13   Thumb Code    70  os_mem.o(.text)
    OS_MemInit                               0x08004c59   Thumb Code    14  os_mem.o(.text)
    OS_MsgPoolCreate                         0x08004c7d   Thumb Code    48  os_msg.o(.text)
    OS_MsgPoolInit                           0x08004cad   Thumb Code    58  os_msg.o(.text)
    OS_MsgQFreeAll                           0x08004ce7   Thumb Code    48  os_msg.o(.text)
    OS_MsgQInit                              0x08004d17   Thumb Code    14  os_msg.o(.text)
    OS_MsgQGet                               0x08004d25   Thumb Code    82  os_msg.o(.text)
    OS_MsgQPut                               0x08004d77   Thumb Code   128  os_msg.o(.text)
    OS_MutexDbgListAdd                       0x08004e05   Thumb Code    26  os_mutex.o(.text)
    OSMutexCreate                            0x08004e1f   Thumb Code   112  os_mutex.o(.text)
    OS_MutexClr                              0x08004e8f   Thumb Code    24  os_mutex.o(.text)
    OS_MutexDbgListRemove                    0x08004ea7   Thumb Code    36  os_mutex.o(.text)
    OSMutexDel                               0x08004ecb   Thumb Code   470  os_mutex.o(.text)
    OSMutexPend                              0x080050a1   Thumb Code   506  os_mutex.o(.text)
    OSMutexPendAbort                         0x0800529b   Thumb Code   198  os_mutex.o(.text)
    OSMutexPost                              0x08005361   Thumb Code   376  os_mutex.o(.text)
    OS_MutexInit                             0x080054d9   Thumb Code    14  os_mutex.o(.text)
    OS_PrioInit                              0x08005509   Thumb Code    20  os_prio.o(.text)
    OS_PrioGetHighest                        0x0800551d   Thumb Code    32  os_prio.o(.text)
    OS_PrioInsert                            0x0800553d   Thumb Code    28  os_prio.o(.text)
    OS_PrioRemove                            0x08005559   Thumb Code    28  os_prio.o(.text)
    OS_QDbgListAdd                           0x08005579   Thumb Code    26  os_q.o(.text)
    OSQCreate                                0x08005593   Thumb Code   118  os_q.o(.text)
    OS_QClr                                  0x08005609   Thumb Code    40  os_q.o(.text)
    OS_QDbgListRemove                        0x08005631   Thumb Code    36  os_q.o(.text)
    OSQDel                                   0x08005655   Thumb Code   256  os_q.o(.text)
    OSQFlush                                 0x08005755   Thumb Code   116  os_q.o(.text)
    OSQPend                                  0x080057c9   Thumb Code   344  os_q.o(.text)
    OSQPendAbort                             0x08005921   Thumb Code   240  os_q.o(.text)
    OS_QPost                                 0x08005a11   Thumb Code   184  os_q.o(.text)
    OSQPost                                  0x08005ac9   Thumb Code   146  os_q.o(.text)
    OS_QInit                                 0x08005b5b   Thumb Code    14  os_q.o(.text)
    OS_SemDbgListAdd                         0x08005b81   Thumb Code    26  os_sem.o(.text)
    OSSemCreate                              0x08005b9b   Thumb Code   104  os_sem.o(.text)
    OS_SemClr                                0x08005c03   Thumb Code    22  os_sem.o(.text)
    OS_SemDbgListRemove                      0x08005c19   Thumb Code    36  os_sem.o(.text)
    OSSemDel                                 0x08005c3d   Thumb Code   256  os_sem.o(.text)
    OSSemPend                                0x08005d3d   Thumb Code   298  os_sem.o(.text)
    OSSemPendAbort                           0x08005e67   Thumb Code   198  os_sem.o(.text)
    OS_SemPost                               0x08005f2d   Thumb Code   216  os_sem.o(.text)
    OSSemPost                                0x08006005   Thumb Code   114  os_sem.o(.text)
    OSSemSet                                 0x08006077   Thumb Code    82  os_sem.o(.text)
    OS_SemInit                               0x080060c9   Thumb Code    14  os_sem.o(.text)
    OSStatReset                              0x080060e9   Thumb Code   154  os_stat.o(.text)
    OSStatTaskCPUUsageInit                   0x08006183   Thumb Code   126  os_stat.o(.text)
    OS_StatTask                              0x08006201   Thumb Code   490  os_stat.o(.text)
    OS_StatTaskInit                          0x080063eb   Thumb Code   120  os_stat.o(.text)
    OSTaskChangePrio                         0x080064f5   Thumb Code   242  os_task.o(.text)
    OS_TaskDbgListAdd                        0x080065e7   Thumb Code    30  os_task.o(.text)
    OS_TaskInitTCB                           0x08006605   Thumb Code   180  os_task.o(.text)
    OSTaskCreate                             0x080066b9   Thumb Code   400  os_task.o(.text)
    OS_TaskDbgListRemove                     0x08006849   Thumb Code    50  os_task.o(.text)
    OSTaskDel                                0x0800687b   Thumb Code   308  os_task.o(.text)
    OSTaskQFlush                             0x080069af   Thumb Code   106  os_task.o(.text)
    OSTaskQPend                              0x08006a19   Thumb Code   328  os_task.o(.text)
    OSTaskQPendAbort                         0x08006b61   Thumb Code   140  os_task.o(.text)
    OS_TaskQPost                             0x08006bed   Thumb Code   222  os_task.o(.text)
    OSTaskQPost                              0x08006ccb   Thumb Code    96  os_task.o(.text)
    OSTaskRegGet                             0x08006d2b   Thumb Code    66  os_task.o(.text)
    OSTaskRegGetID                           0x08006d6d   Thumb Code    42  os_task.o(.text)
    OSTaskRegSet                             0x08006d97   Thumb Code    40  os_task.o(.text)
    OS_TaskResume                            0x08006dbf   Thumb Code   184  os_task.o(.text)
    OSTaskResume                             0x08006e77   Thumb Code    78  os_task.o(.text)
    OSTaskSemPend                            0x08006ec5   Thumb Code   302  os_task.o(.text)
    OSTaskSemPendAbort                       0x08006ff3   Thumb Code   148  os_task.o(.text)
    OS_TaskSemPost                           0x08007087   Thumb Code   290  os_task.o(.text)
    OSTaskSemPost                            0x080071a9   Thumb Code    78  os_task.o(.text)
    OSTaskSemSet                             0x080071f7   Thumb Code    52  os_task.o(.text)
    OSTaskStkChk                             0x0800722b   Thumb Code   136  os_task.o(.text)
    OS_TaskSuspend                           0x080072b3   Thumb Code   158  os_task.o(.text)
    OSTaskSuspend                            0x08007351   Thumb Code    64  os_task.o(.text)
    OSTaskTimeQuantaSet                      0x08007391   Thumb Code    64  os_task.o(.text)
    OS_TaskInit                              0x080073d1   Thumb Code    18  os_task.o(.text)
    OS_TaskReturn                            0x080073e3   Thumb Code    20  os_task.o(.text)
    OS_TickListRemove                        0x08007425   Thumb Code    54  os_tick.o(.text)
    OS_TickListUpdate                        0x0800745b   Thumb Code   310  os_tick.o(.text)
    OS_TickTask                              0x08007591   Thumb Code    36  os_tick.o(.text)
    OS_TickListInit                          0x080075b5   Thumb Code    34  os_tick.o(.text)
    OS_TickTaskInit                          0x080075d7   Thumb Code   114  os_tick.o(.text)
    OS_TickListInsert                        0x08007649   Thumb Code   202  os_tick.o(.text)
    OS_TickListResetPeak                     0x08007713   Thumb Code    32  os_tick.o(.text)
    OSTimeDly                                0x0800777d   Thumb Code   158  os_time.o(.text)
    OSTimeDlyHMSM                            0x0800781b   Thumb Code   308  os_time.o(.text)
    OSTimeDlyResume                          0x0800794f   Thumb Code   184  os_time.o(.text)
    OSTimeGet                                0x08007a07   Thumb Code    24  os_time.o(.text)
    OSTimeSet                                0x08007a1f   Thumb Code    24  os_time.o(.text)
    OSTimeTick                               0x08007a37   Thumb Code    52  os_time.o(.text)
    OS_TmrDbgListAdd                         0x08007a8d   Thumb Code    22  os_tmr.o(.text)
    OSTmrCreate                              0x08007aa3   Thumb Code   168  os_tmr.o(.text)
    OS_TmrClr                                0x08007b4b   Thumb Code    34  os_tmr.o(.text)
    OS_TmrUnlink                             0x08007b6d   Thumb Code    68  os_tmr.o(.text)
    OS_TmrDbgListRemove                      0x08007bb1   Thumb Code    36  os_tmr.o(.text)
    OSTmrDel                                 0x08007bd5   Thumb Code   134  os_tmr.o(.text)
    OSTmrRemainGet                           0x08007c5b   Thumb Code   140  os_tmr.o(.text)
    OS_TmrLink                               0x08007ce7   Thumb Code   140  os_tmr.o(.text)
    OSTmrStart                               0x08007d73   Thumb Code   122  os_tmr.o(.text)
    OSTmrStateGet                            0x08007ded   Thumb Code    86  os_tmr.o(.text)
    OSTmrStop                                0x08007e43   Thumb Code   230  os_tmr.o(.text)
    OS_TmrTask                               0x08007f29   Thumb Code   162  os_tmr.o(.text)
    OS_TmrInit                               0x08007fcb   Thumb Code   176  os_tmr.o(.text)
    OS_TmrResetPeak                          0x0800807b   Thumb Code    32  os_tmr.o(.text)
    OSIdleTaskHook                           0x080080f1   Thumb Code    12  os_cpu_c.o(.text)
    OSInitHook                               0x080080fd   Thumb Code    22  os_cpu_c.o(.text)
    OSStatTaskHook                           0x08008113   Thumb Code    12  os_cpu_c.o(.text)
    OSTaskCreateHook                         0x0800811f   Thumb Code    12  os_cpu_c.o(.text)
    OSTaskDelHook                            0x0800812b   Thumb Code    12  os_cpu_c.o(.text)
    OSTaskReturnHook                         0x08008137   Thumb Code    12  os_cpu_c.o(.text)
    OSTaskStkInit                            0x08008143   Thumb Code   306  os_cpu_c.o(.text)
    OSTaskSwHook                             0x08008275   Thumb Code    72  os_cpu_c.o(.text)
    OSTimeTickHook                           0x080082bd   Thumb Code    12  os_cpu_c.o(.text)
    OS_CPU_SysTickHandler                    0x080082c9   Thumb Code    30  os_cpu_c.o(.text)
    OS_CPU_SysTickInit                       0x080082e7   Thumb Code    36  os_cpu_c.o(.text)
    CAN1_Init                                0x0800834d   Thumb Code   218  can.o(.text)
    CAN1_RX0_IRQHandler                      0x08008427   Thumb Code   112  can.o(.text)
    CAN1_Send                                0x08008497   Thumb Code    56  can.o(.text)
    claw_control                             0x080084cf   Thumb Code    84  can.o(.text)
    GyroEncoder_Set                          0x08008523   Thumb Code    40  can.o(.text)
    Encoder_Init                             0x08008565   Thumb Code   488  encoder.o(.text)
    Encoder_Update                           0x0800874d   Thumb Code   254  encoder.o(.text)
    LED_Init                                 0x08008875   Thumb Code    58  led.o(.text)
    PID_Init                                 0x080088b5   Thumb Code    34  pid.o(.text)
    All_Pid_Init                             0x080088d7   Thumb Code   198  pid.o(.text)
    PID_Cal                                  0x0800899d   Thumb Code   160  pid.o(.text)
    Pos_PidCal                               0x08008a3d   Thumb Code    88  pid.o(.text)
    Vel_PidCal                               0x08008a95   Thumb Code   808  pid.o(.text)
    Move_Start                               0x08008dbd   Thumb Code    40  pid.o(.text)
    Motor_Enable                             0x08008ded   Thumb Code    16  tb6612.o(.text)
    Motor_PWMInit                            0x08008dfd   Thumb Code   358  tb6612.o(.text)
    Motor_IOInit                             0x08008f63   Thumb Code    92  tb6612.o(.text)
    Motor_Init                               0x08008fbf   Thumb Code    22  tb6612.o(.text)
    Motor_Disable                            0x08008fd5   Thumb Code    16  tb6612.o(.text)
    Motor_Stop                               0x08008fe5   Thumb Code    42  tb6612.o(.text)
    Motor_SetPWM                             0x080090bb   Thumb Code   130  tb6612.o(.text)
    TIM2_Init                                0x08009165   Thumb Code    92  tim.o(.text)
    TIM2_IRQHandler                          0x080091c1   Thumb Code    32  tim.o(.text)
    __use_no_semihosting                     0x080091e1   Thumb Code     2  use_no_semi_2.o(.text)
    __aeabi_uldivmod                         0x080091e3   Thumb Code     0  lludivv7m.o(.text)
    _ll_udiv                                 0x080091e3   Thumb Code   238  lludivv7m.o(.text)
    __use_two_region_memory                  0x080092d1   Thumb Code     2  heapauxi.o(.text)
    __rt_heap_escrow$2region                 0x080092d3   Thumb Code     2  heapauxi.o(.text)
    __rt_heap_expand$2region                 0x080092d5   Thumb Code     2  heapauxi.o(.text)
    __I$use$semihosting                      0x080092d7   Thumb Code     0  use_no_semi.o(.text)
    __use_no_semihosting_swi                 0x080092d7   Thumb Code     2  use_no_semi.o(.text)
    __read_errno                             0x080092d9   Thumb Code    10  _rserrno.o(.text)
    __set_errno                              0x080092e3   Thumb Code    12  _rserrno.o(.text)
    __aeabi_errno_addr                       0x080092f1   Thumb Code     8  rt_errno_addr_intlibspace.o(.text)
    __errno$intlibspace                      0x080092f1   Thumb Code     0  rt_errno_addr_intlibspace.o(.text)
    __rt_errno_addr$intlibspace              0x080092f1   Thumb Code     0  rt_errno_addr_intlibspace.o(.text)
    __user_libspace                          0x080092f9   Thumb Code     8  libspace.o(.text)
    __user_perproc_libspace                  0x080092f9   Thumb Code     0  libspace.o(.text)
    __user_perthread_libspace                0x080092f9   Thumb Code     0  libspace.o(.text)
    __user_setup_stackheap                   0x08009301   Thumb Code    74  sys_stackheap_outer.o(.text)
    exit                                     0x0800934b   Thumb Code    18  exit.o(.text)
    OSStartHighRdy                           0x0800935d   Thumb Code     0  os_cpu_a.o(CODE)
    OSCtxSw                                  0x0800937f   Thumb Code     0  os_cpu_a.o(CODE)
    OSIntCtxSw                               0x08009389   Thumb Code     0  os_cpu_a.o(CODE)
    PendSV_Handler                           0x08009393   Thumb Code     0  os_cpu_a.o(CODE)
    __ARM_fpclassify                         0x08009409   Thumb Code    48  fpclassify.o(i.__ARM_fpclassify)
    __hardfp_cos                             0x08009439   Thumb Code   180  cos.o(i.__hardfp_cos)
    __hardfp_sin                             0x08009501   Thumb Code   180  sin.o(i.__hardfp_sin)
    __ieee754_rem_pio2                       0x080095c9   Thumb Code   938  rred.o(i.__ieee754_rem_pio2)
    __kernel_cos                             0x08009a01   Thumb Code   322  cos_i.o(i.__kernel_cos)
    __kernel_poly                            0x08009b71   Thumb Code   248  poly.o(i.__kernel_poly)
    __kernel_sin                             0x08009c69   Thumb Code   280  sin_i.o(i.__kernel_sin)
    __mathlib_dbl_infnan                     0x08009d99   Thumb Code    20  dunder.o(i.__mathlib_dbl_infnan)
    __mathlib_dbl_invalid                    0x08009db1   Thumb Code    24  dunder.o(i.__mathlib_dbl_invalid)
    __mathlib_dbl_underflow                  0x08009dd1   Thumb Code    24  dunder.o(i.__mathlib_dbl_underflow)
    fabs                                     0x08009df1   Thumb Code    24  fabs.o(i.fabs)
    __aeabi_dneg                             0x08009e09   Thumb Code     0  basic.o(x$fpl$basic)
    _dneg                                    0x08009e09   Thumb Code     6  basic.o(x$fpl$basic)
    __aeabi_fneg                             0x08009e0f   Thumb Code     0  basic.o(x$fpl$basic)
    _fneg                                    0x08009e0f   Thumb Code     6  basic.o(x$fpl$basic)
    _dabs                                    0x08009e15   Thumb Code     6  basic.o(x$fpl$basic)
    _fabs                                    0x08009e1b   Thumb Code     6  basic.o(x$fpl$basic)
    __aeabi_d2f                              0x08009e21   Thumb Code     0  d2f.o(x$fpl$d2f)
    _d2f                                     0x08009e21   Thumb Code    98  d2f.o(x$fpl$d2f)
    __aeabi_dadd                             0x08009e85   Thumb Code     0  daddsub_clz.o(x$fpl$dadd)
    _dadd                                    0x08009e85   Thumb Code   332  daddsub_clz.o(x$fpl$dadd)
    __aeabi_ddiv                             0x08009fd5   Thumb Code     0  ddiv.o(x$fpl$ddiv)
    _ddiv                                    0x08009fd5   Thumb Code   552  ddiv.o(x$fpl$ddiv)
    __aeabi_d2iz                             0x0800a285   Thumb Code     0  dfix.o(x$fpl$dfix)
    _dfix                                    0x0800a285   Thumb Code    94  dfix.o(x$fpl$dfix)
    __aeabi_i2d                              0x0800a2e3   Thumb Code     0  dflt_clz.o(x$fpl$dflt)
    _dflt                                    0x0800a2e3   Thumb Code    46  dflt_clz.o(x$fpl$dflt)
    __aeabi_ui2d                             0x0800a311   Thumb Code     0  dflt_clz.o(x$fpl$dfltu)
    _dfltu                                   0x0800a311   Thumb Code    38  dflt_clz.o(x$fpl$dfltu)
    __aeabi_dmul                             0x0800a339   Thumb Code     0  dmul.o(x$fpl$dmul)
    _dmul                                    0x0800a339   Thumb Code   332  dmul.o(x$fpl$dmul)
    __fpl_dnaninf                            0x0800a48d   Thumb Code   156  dnaninf.o(x$fpl$dnaninf)
    __fpl_dretinf                            0x0800a529   Thumb Code    12  dretinf.o(x$fpl$dretinf)
    __aeabi_drsub                            0x0800a535   Thumb Code     0  daddsub_clz.o(x$fpl$drsb)
    _drsb                                    0x0800a535   Thumb Code    22  daddsub_clz.o(x$fpl$drsb)
    __aeabi_dsub                             0x0800a54d   Thumb Code     0  daddsub_clz.o(x$fpl$dsub)
    _dsub                                    0x0800a54d   Thumb Code   464  daddsub_clz.o(x$fpl$dsub)
    __aeabi_f2d                              0x0800a721   Thumb Code     0  f2d.o(x$fpl$f2d)
    _f2d                                     0x0800a721   Thumb Code    86  f2d.o(x$fpl$f2d)
    __fpl_fnaninf                            0x0800a777   Thumb Code   140  fnaninf.o(x$fpl$fnaninf)
    _fp_init                                 0x0800a803   Thumb Code    10  fpinit.o(x$fpl$fpinit)
    __fplib_config_fpu_vfp                   0x0800a80b   Thumb Code     0  fpinit.o(x$fpl$fpinit)
    __fplib_config_pureend_doubles           0x0800a80b   Thumb Code     0  fpinit.o(x$fpl$fpinit)
    __fpl_fretinf                            0x0800a80d   Thumb Code    10  fretinf.o(x$fpl$fretinf)
    __I$use$fp                               0x0800a816   Number         0  usenofp.o(x$fpl$usenofp)
    OSCfg_StatTaskPrio                       0x0800a9ac   Data           1  os_cfg_app.o(.constdata)
    OSCfg_TickTaskPrio                       0x0800a9ad   Data           1  os_cfg_app.o(.constdata)
    OSCfg_TmrTaskPrio                        0x0800a9ae   Data           1  os_cfg_app.o(.constdata)
    OSCfg_IntQSize                           0x0800a9b0   Data           2  os_cfg_app.o(.constdata)
    OSCfg_MsgPoolSize                        0x0800a9b2   Data           2  os_cfg_app.o(.constdata)
    OSCfg_TickWheelSize                      0x0800a9b4   Data           2  os_cfg_app.o(.constdata)
    OSCfg_TmrWheelSize                       0x0800a9b6   Data           2  os_cfg_app.o(.constdata)
    OSCfg_IdleTaskStkBasePtr                 0x0800a9b8   Data           4  os_cfg_app.o(.constdata)
    OSCfg_IdleTaskStkLimit                   0x0800a9bc   Data           4  os_cfg_app.o(.constdata)
    OSCfg_IdleTaskStkSize                    0x0800a9c0   Data           4  os_cfg_app.o(.constdata)
    OSCfg_IdleTaskStkSizeRAM                 0x0800a9c4   Data           4  os_cfg_app.o(.constdata)
    OSCfg_IntQBasePtr                        0x0800a9c8   Data           4  os_cfg_app.o(.constdata)
    OSCfg_IntQSizeRAM                        0x0800a9cc   Data           4  os_cfg_app.o(.constdata)
    OSCfg_IntQTaskStkBasePtr                 0x0800a9d0   Data           4  os_cfg_app.o(.constdata)
    OSCfg_IntQTaskStkLimit                   0x0800a9d4   Data           4  os_cfg_app.o(.constdata)
    OSCfg_IntQTaskStkSize                    0x0800a9d8   Data           4  os_cfg_app.o(.constdata)
    OSCfg_IntQTaskStkSizeRAM                 0x0800a9dc   Data           4  os_cfg_app.o(.constdata)
    OSCfg_ISRStkBasePtr                      0x0800a9e0   Data           4  os_cfg_app.o(.constdata)
    OSCfg_ISRStkSize                         0x0800a9e4   Data           4  os_cfg_app.o(.constdata)
    OSCfg_ISRStkSizeRAM                      0x0800a9e8   Data           4  os_cfg_app.o(.constdata)
    OSCfg_MsgPoolSizeRAM                     0x0800a9ec   Data           4  os_cfg_app.o(.constdata)
    OSCfg_MsgPoolBasePtr                     0x0800a9f0   Data           4  os_cfg_app.o(.constdata)
    OSCfg_StatTaskRate_Hz                    0x0800a9f4   Data           4  os_cfg_app.o(.constdata)
    OSCfg_StatTaskStkBasePtr                 0x0800a9f8   Data           4  os_cfg_app.o(.constdata)
    OSCfg_StatTaskStkLimit                   0x0800a9fc   Data           4  os_cfg_app.o(.constdata)
    OSCfg_StatTaskStkSize                    0x0800aa00   Data           4  os_cfg_app.o(.constdata)
    OSCfg_StatTaskStkSizeRAM                 0x0800aa04   Data           4  os_cfg_app.o(.constdata)
    OSCfg_StkSizeMin                         0x0800aa08   Data           4  os_cfg_app.o(.constdata)
    OSCfg_TickRate_Hz                        0x0800aa0c   Data           4  os_cfg_app.o(.constdata)
    OSCfg_TickTaskStkBasePtr                 0x0800aa10   Data           4  os_cfg_app.o(.constdata)
    OSCfg_TickTaskStkLimit                   0x0800aa14   Data           4  os_cfg_app.o(.constdata)
    OSCfg_TickTaskStkSize                    0x0800aa18   Data           4  os_cfg_app.o(.constdata)
    OSCfg_TickTaskStkSizeRAM                 0x0800aa1c   Data           4  os_cfg_app.o(.constdata)
    OSCfg_TickWheelSizeRAM                   0x0800aa20   Data           4  os_cfg_app.o(.constdata)
    OSCfg_TmrTaskRate_Hz                     0x0800aa24   Data           4  os_cfg_app.o(.constdata)
    OSCfg_TmrTaskStkBasePtr                  0x0800aa28   Data           4  os_cfg_app.o(.constdata)
    OSCfg_TmrTaskStkLimit                    0x0800aa2c   Data           4  os_cfg_app.o(.constdata)
    OSCfg_TmrTaskStkSize                     0x0800aa30   Data           4  os_cfg_app.o(.constdata)
    OSCfg_TmrTaskStkSizeRAM                  0x0800aa34   Data           4  os_cfg_app.o(.constdata)
    OSCfg_TmrWheelSizeRAM                    0x0800aa38   Data           4  os_cfg_app.o(.constdata)
    OSCfg_DataSizeRAM                        0x0800aa3c   Data           4  os_cfg_app.o(.constdata)
    Region$$Table$$Base                      0x0800ab60   Number         0  anon$$obj.o(Region$$Table)
    Region$$Table$$Limit                     0x0800ab80   Number         0  anon$$obj.o(Region$$Table)
    SystemCoreClock                          0x20000000   Data           4  system_stm32f4xx.o(.data)
    AHBPrescTable                            0x20000004   Data          16  system_stm32f4xx.o(.data)
    USART_RX_STA                             0x20000028   Data           2  usart.o(.data)
    CPU_TS_TmrFreq_Hz                        0x2000002c   Data           4  cpu_core.o(.data)
    Mem_PoolTbl                              0x20000030   Data           4  lib_mem.o(.data)
    OSPrioTbl                                0x20000034   Data           8  os_prio.o(.data)
    OS_AppTaskCreateHookPtr                  0x2000003c   Data           4  os_var.o(.data)
    OS_AppTaskDelHookPtr                     0x20000040   Data           4  os_var.o(.data)
    OS_AppTaskReturnHookPtr                  0x20000044   Data           4  os_var.o(.data)
    OS_AppIdleTaskHookPtr                    0x20000048   Data           4  os_var.o(.data)
    OS_AppStatTaskHookPtr                    0x2000004c   Data           4  os_var.o(.data)
    OS_AppTaskSwHookPtr                      0x20000050   Data           4  os_var.o(.data)
    OS_AppTimeTickHookPtr                    0x20000054   Data           4  os_var.o(.data)
    OSIdleTaskCtr                            0x20000058   Data           4  os_var.o(.data)
    OSIntNestingCtr                          0x2000005c   Data           1  os_var.o(.data)
    OSRunning                                0x2000005d   Data           1  os_var.o(.data)
    OSIntQInPtr                              0x20000060   Data           4  os_var.o(.data)
    OSIntQOutPtr                             0x20000064   Data           4  os_var.o(.data)
    OSIntQNbrEntries                         0x20000068   Data           2  os_var.o(.data)
    OSIntQNbrEntriesMax                      0x2000006a   Data           2  os_var.o(.data)
    OSIntQOvfCtr                             0x2000006c   Data           2  os_var.o(.data)
    OSIntQTaskTimeMax                        0x20000070   Data           4  os_var.o(.data)
    OSFlagDbgListPtr                         0x20000074   Data           4  os_var.o(.data)
    OSFlagQty                                0x20000078   Data           2  os_var.o(.data)
    OSMemDbgListPtr                          0x2000007c   Data           4  os_var.o(.data)
    OSMemQty                                 0x20000080   Data           2  os_var.o(.data)
    OSMutexDbgListPtr                        0x20000084   Data           4  os_var.o(.data)
    OSMutexQty                               0x20000088   Data           2  os_var.o(.data)
    OSPrioCur                                0x2000008a   Data           1  os_var.o(.data)
    OSPrioHighRdy                            0x2000008b   Data           1  os_var.o(.data)
    OSPrioSaved                              0x2000008c   Data           1  os_var.o(.data)
    OSQDbgListPtr                            0x20000090   Data           4  os_var.o(.data)
    OSQQty                                   0x20000094   Data           2  os_var.o(.data)
    OSSchedLockTimeBegin                     0x20000098   Data           4  os_var.o(.data)
    OSSchedLockTimeMax                       0x2000009c   Data           4  os_var.o(.data)
    OSSchedLockTimeMaxCur                    0x200000a0   Data           4  os_var.o(.data)
    OSSchedLockNestingCtr                    0x200000a4   Data           1  os_var.o(.data)
    OSSchedRoundRobinDfltTimeQuanta          0x200000a8   Data           4  os_var.o(.data)
    OSSchedRoundRobinEn                      0x200000ac   Data           1  os_var.o(.data)
    OSSemDbgListPtr                          0x200000b0   Data           4  os_var.o(.data)
    OSSemQty                                 0x200000b4   Data           2  os_var.o(.data)
    OSStatResetFlag                          0x200000b6   Data           1  os_var.o(.data)
    OSStatTaskCPUUsage                       0x200000b8   Data           2  os_var.o(.data)
    OSStatTaskCPUUsageMax                    0x200000ba   Data           2  os_var.o(.data)
    OSStatTaskCtr                            0x200000bc   Data           4  os_var.o(.data)
    OSStatTaskCtrMax                         0x200000c0   Data           4  os_var.o(.data)
    OSStatTaskCtrRun                         0x200000c4   Data           4  os_var.o(.data)
    OSStatTaskRdy                            0x200000c8   Data           1  os_var.o(.data)
    OSStatTaskTimeMax                        0x200000cc   Data           4  os_var.o(.data)
    OSTaskCtxSwCtr                           0x200000d0   Data           4  os_var.o(.data)
    OSTaskDbgListPtr                         0x200000d4   Data           4  os_var.o(.data)
    OSTaskQty                                0x200000d8   Data           2  os_var.o(.data)
    OSTaskRegNextAvailID                     0x200000da   Data           1  os_var.o(.data)
    OSTickCtr                                0x200000dc   Data           4  os_var.o(.data)
    OSTickTaskTimeMax                        0x200000e0   Data           4  os_var.o(.data)
    OSTmrDbgListPtr                          0x200000e4   Data           4  os_var.o(.data)
    OSTmrQty                                 0x200000e8   Data           2  os_var.o(.data)
    OSTmrTaskTimeMax                         0x200000ec   Data           4  os_var.o(.data)
    OSTmrTickCtr                             0x200000f0   Data           4  os_var.o(.data)
    OSTmrUpdateCnt                           0x200000f4   Data           4  os_var.o(.data)
    OSTmrUpdateCtr                           0x200000f8   Data           4  os_var.o(.data)
    OSTCBCurPtr                              0x200000fc   Data           4  os_var.o(.data)
    OSTCBHighRdyPtr                          0x20000100   Data           4  os_var.o(.data)
    OS_CPU_ExceptStkBase                     0x20000104   Data           4  os_cpu_c.o(.data)
    x_pos                                    0x20000108   Data           4  can.o(.data)
    y_pos                                    0x2000010c   Data           4  can.o(.data)
    w_pos                                    0x20000110   Data           4  can.o(.data)
    Motor_Speed1                             0x20000114   Data           4  encoder.o(.data)
    Motor_Speed2                             0x20000118   Data           4  encoder.o(.data)
    Motor_Speed3                             0x2000011c   Data           4  encoder.o(.data)
    Motor_Speed4                             0x20000120   Data           4  encoder.o(.data)
    Vx                                       0x20000124   Data           4  pid.o(.data)
    Vy                                       0x20000128   Data           4  pid.o(.data)
    Vz                                       0x2000012c   Data           4  pid.o(.data)
    StartTaskTCB                             0x20000134   Data         196  main.o(.bss)
    Control_taskTCB                          0x200001f8   Data         196  main.o(.bss)
    Loop_taskTCB                             0x200002bc   Data         196  main.o(.bss)
    Catch_taskTCB                            0x20000380   Data         196  main.o(.bss)
    START_TASK_STK                           0x20000444   Data         512  main.o(.bss)
    CONTROL_TASK_STK                         0x20000644   Data         512  main.o(.bss)
    LOOP_TASK_STK                            0x20000844   Data         512  main.o(.bss)
    CATCH_TASK_STK                           0x20000a44   Data         512  main.o(.bss)
    USART_RX_BUF                             0x20000c44   Data         200  usart.o(.bss)
    CPU_Name                                 0x20000d0c   Data          16  cpu_core.o(.bss)
    Mem_PoolHeap                             0x20000d1c   Data          72  lib_mem.o(.bss)
    Mem_Heap                                 0x20000d64   Data        1024  lib_mem.o(.bss)
    OSCfg_IdleTaskStk                        0x20001164   Data         512  os_cfg_app.o(.bss)
    OSCfg_IntQ                               0x20001364   Data         320  os_cfg_app.o(.bss)
    OSCfg_IntQTaskStk                        0x200014a4   Data         512  os_cfg_app.o(.bss)
    OSCfg_ISRStk                             0x200016a4   Data         512  os_cfg_app.o(.bss)
    OSCfg_MsgPool                            0x200018a4   Data        1600  os_cfg_app.o(.bss)
    OSCfg_StatTaskStk                        0x20001ee4   Data         512  os_cfg_app.o(.bss)
    OSCfg_TickTaskStk                        0x200020e4   Data         512  os_cfg_app.o(.bss)
    OSCfg_TickWheel                          0x200022e4   Data         136  os_cfg_app.o(.bss)
    OSCfg_TmrTaskStk                         0x2000236c   Data         512  os_cfg_app.o(.bss)
    OSCfg_TmrWheel                           0x2000256c   Data         136  os_cfg_app.o(.bss)
    OSIdleTaskTCB                            0x200025f4   Data         196  os_var.o(.bss)
    OSIntQTaskTCB                            0x200026b8   Data         196  os_var.o(.bss)
    OSMsgPool                                0x2000277c   Data          12  os_var.o(.bss)
    OSRdyList                                0x20002788   Data         768  os_var.o(.bss)
    OSStatTaskTCB                            0x20002a88   Data         196  os_var.o(.bss)
    OSTickTaskTCB                            0x20002b4c   Data         196  os_var.o(.bss)
    OSTmrTaskTCB                             0x20002c10   Data         196  os_var.o(.bss)
    RxMessage                                0x20002cd4   Data          20  can.o(.bss)
    Encode_Data                              0x20002ce8   Data          16  encoder.o(.bss)
    Encode_Vel                               0x20002cf8   Data          16  encoder.o(.bss)
    Rpm_Vel                                  0x20002d08   Data          16  encoder.o(.bss)
    RealPos                                  0x20002d48   Data          12  pid.o(.bss)
    Vel_PID                                  0x20002d54   Data         176  pid.o(.bss)
    Pos_PID                                  0x20002e04   Data         132  pid.o(.bss)
    Pulse_width                              0x20002e88   Data          16  tb6612.o(.bss)
    __libspace_start                         0x20002e98   Data          96  libspace.o(.bss)
    __temporary_stack_top$libspace           0x20002ef8   Data           0  libspace.o(.bss)



==============================================================================

Memory Map of the image

  Image Entry point : 0x08000189

  Load Region LR_IROM1 (Base: 0x08000000, Size: 0x0000acb4, Max: 0x00100000, ABSOLUTE, COMPRESSED[0x0000ab98])

    Execution Region ER_IROM1 (Exec base: 0x08000000, Load base: 0x08000000, Size: 0x0000ab80, Max: 0x00100000, ABSOLUTE)

    Exec Addr    Load Addr    Size         Type   Attr      Idx    E Section Name        Object

    0x08000000   0x08000000   0x00000188   Data   RO          424    RESET               startup_stm32f40_41xxx.o
    0x08000188   0x08000188   0x00000008   Code   RO         1444  * !!!main             c_w.l(__main.o)
    0x08000190   0x08000190   0x00000034   Code   RO         1717    !!!scatter          c_w.l(__scatter.o)
    0x080001c4   0x080001c4   0x0000005a   Code   RO         1715    !!dczerorl2         c_w.l(__dczerorl2.o)
    0x0800021e   0x0800021e   0x00000002   PAD
    0x08000220   0x08000220   0x0000001c   Code   RO         1719    !!handler_zi        c_w.l(__scatter_zi.o)
    0x0800023c   0x0800023c   0x00000002   Code   RO         1592    .ARM.Collect$$libinit$$00000000  c_w.l(libinit.o)
    0x0800023e   0x0800023e   0x00000004   Code   RO         1601    .ARM.Collect$$libinit$$00000001  c_w.l(libinit2.o)
    0x08000242   0x08000242   0x00000000   Code   RO         1604    .ARM.Collect$$libinit$$00000004  c_w.l(libinit2.o)
    0x08000242   0x08000242   0x00000000   Code   RO         1607    .ARM.Collect$$libinit$$0000000A  c_w.l(libinit2.o)
    0x08000242   0x08000242   0x00000000   Code   RO         1609    .ARM.Collect$$libinit$$0000000C  c_w.l(libinit2.o)
    0x08000242   0x08000242   0x00000000   Code   RO         1611    .ARM.Collect$$libinit$$0000000E  c_w.l(libinit2.o)
    0x08000242   0x08000242   0x00000000   Code   RO         1614    .ARM.Collect$$libinit$$00000011  c_w.l(libinit2.o)
    0x08000242   0x08000242   0x00000000   Code   RO         1616    .ARM.Collect$$libinit$$00000013  c_w.l(libinit2.o)
    0x08000242   0x08000242   0x00000000   Code   RO         1618    .ARM.Collect$$libinit$$00000015  c_w.l(libinit2.o)
    0x08000242   0x08000242   0x00000000   Code   RO         1620    .ARM.Collect$$libinit$$00000017  c_w.l(libinit2.o)
    0x08000242   0x08000242   0x00000000   Code   RO         1622    .ARM.Collect$$libinit$$00000019  c_w.l(libinit2.o)
    0x08000242   0x08000242   0x00000000   Code   RO         1624    .ARM.Collect$$libinit$$0000001B  c_w.l(libinit2.o)
    0x08000242   0x08000242   0x00000000   Code   RO         1626    .ARM.Collect$$libinit$$0000001D  c_w.l(libinit2.o)
    0x08000242   0x08000242   0x00000000   Code   RO         1628    .ARM.Collect$$libinit$$0000001F  c_w.l(libinit2.o)
    0x08000242   0x08000242   0x00000000   Code   RO         1630    .ARM.Collect$$libinit$$00000021  c_w.l(libinit2.o)
    0x08000242   0x08000242   0x00000000   Code   RO         1632    .ARM.Collect$$libinit$$00000023  c_w.l(libinit2.o)
    0x08000242   0x08000242   0x00000000   Code   RO         1634    .ARM.Collect$$libinit$$00000025  c_w.l(libinit2.o)
    0x08000242   0x08000242   0x00000000   Code   RO         1638    .ARM.Collect$$libinit$$0000002C  c_w.l(libinit2.o)
    0x08000242   0x08000242   0x00000000   Code   RO         1640    .ARM.Collect$$libinit$$0000002E  c_w.l(libinit2.o)
    0x08000242   0x08000242   0x00000000   Code   RO         1642    .ARM.Collect$$libinit$$00000030  c_w.l(libinit2.o)
    0x08000242   0x08000242   0x00000000   Code   RO         1644    .ARM.Collect$$libinit$$00000032  c_w.l(libinit2.o)
    0x08000242   0x08000242   0x00000002   Code   RO         1645    .ARM.Collect$$libinit$$00000033  c_w.l(libinit2.o)
    0x08000244   0x08000244   0x00000002   Code   RO         1671    .ARM.Collect$$libshutdown$$00000000  c_w.l(libshutdown.o)
    0x08000246   0x08000246   0x00000000   Code   RO         1698    .ARM.Collect$$libshutdown$$00000002  c_w.l(libshutdown2.o)
    0x08000246   0x08000246   0x00000000   Code   RO         1700    .ARM.Collect$$libshutdown$$00000004  c_w.l(libshutdown2.o)
    0x08000246   0x08000246   0x00000000   Code   RO         1703    .ARM.Collect$$libshutdown$$00000007  c_w.l(libshutdown2.o)
    0x08000246   0x08000246   0x00000000   Code   RO         1706    .ARM.Collect$$libshutdown$$0000000A  c_w.l(libshutdown2.o)
    0x08000246   0x08000246   0x00000000   Code   RO         1708    .ARM.Collect$$libshutdown$$0000000C  c_w.l(libshutdown2.o)
    0x08000246   0x08000246   0x00000000   Code   RO         1711    .ARM.Collect$$libshutdown$$0000000F  c_w.l(libshutdown2.o)
    0x08000246   0x08000246   0x00000002   Code   RO         1712    .ARM.Collect$$libshutdown$$00000010  c_w.l(libshutdown2.o)
    0x08000248   0x08000248   0x00000000   Code   RO         1488    .ARM.Collect$$rtentry$$00000000  c_w.l(__rtentry.o)
    0x08000248   0x08000248   0x00000000   Code   RO         1535    .ARM.Collect$$rtentry$$00000002  c_w.l(__rtentry2.o)
    0x08000248   0x08000248   0x00000006   Code   RO         1547    .ARM.Collect$$rtentry$$00000004  c_w.l(__rtentry4.o)
    0x0800024e   0x0800024e   0x00000000   Code   RO         1537    .ARM.Collect$$rtentry$$00000009  c_w.l(__rtentry2.o)
    0x0800024e   0x0800024e   0x00000004   Code   RO         1538    .ARM.Collect$$rtentry$$0000000A  c_w.l(__rtentry2.o)
    0x08000252   0x08000252   0x00000000   Code   RO         1540    .ARM.Collect$$rtentry$$0000000C  c_w.l(__rtentry2.o)
    0x08000252   0x08000252   0x00000008   Code   RO         1541    .ARM.Collect$$rtentry$$0000000D  c_w.l(__rtentry2.o)
    0x0800025a   0x0800025a   0x00000002   Code   RO         1593    .ARM.Collect$$rtexit$$00000000  c_w.l(rtexit.o)
    0x0800025c   0x0800025c   0x00000000   Code   RO         1647    .ARM.Collect$$rtexit$$00000002  c_w.l(rtexit2.o)
    0x0800025c   0x0800025c   0x00000004   Code   RO         1648    .ARM.Collect$$rtexit$$00000003  c_w.l(rtexit2.o)
    0x08000260   0x08000260   0x00000006   Code   RO         1649    .ARM.Collect$$rtexit$$00000004  c_w.l(rtexit2.o)
    0x08000266   0x08000266   0x00000002   PAD
    0x08000268   0x08000268   0x000001b8   Code   RO            3    .text               main.o
    0x08000420   0x08000420   0x0000000e   Code   RO          243    .text               stm32f4xx_it.o
    0x0800042e   0x0800042e   0x00000002   PAD
    0x08000430   0x08000430   0x0000017c   Code   RO          367    .text               system_stm32f4xx.o
    0x080005ac   0x080005ac   0x00000006   Code   RO          393    .text               pr_task.o
    0x080005b2   0x080005b2   0x00000002   PAD
    0x080005b4   0x080005b4   0x00000040   Code   RO          425    .text               startup_stm32f40_41xxx.o
    0x080005f4   0x080005f4   0x000000b0   Code   RO          431    .text               misc.o
    0x080006a4   0x080006a4   0x00000238   Code   RO          477    .text               stm32f4xx_gpio.o
    0x080008dc   0x080008dc   0x00000480   Code   RO          497    .text               stm32f4xx_rcc.o
    0x08000d5c   0x08000d5c   0x00000358   Code   RO          539    .text               stm32f4xx_usart.o
    0x080010b4   0x080010b4   0x000009dc   Code   RO          582    .text               stm32f4xx_tim.o
    0x08001a90   0x08001a90   0x00000708   Code   RO          603    .text               stm32f4xx_can.o
    0x08002198   0x08002198   0x00000108   Code   RO          623    .text               delay.o
    0x080022a0   0x080022a0   0x0000012c   Code   RO          753    .text               usart.o
    0x080023cc   0x080023cc   0x00000068   Code   RO          785    .text               bsp.o
    0x08002434   0x08002434   0x000001bc   Code   RO          819    .text               cpu_core.o
    0x080025f0   0x080025f0   0x00000034   Code   RO          847    .text               cpu_a.o
    0x08002624   0x08002624   0x0000015a   Code   RO          850    .text               lib_ascii.o
    0x0800277e   0x0800277e   0x00000002   PAD
    0x08002780   0x08002780   0x0000064c   Code   RO          885    .text               lib_mem.o
    0x08002dcc   0x08002dcc   0x00000598   Code   RO          904    .text               lib_str.o
    0x08003364   0x08003364   0x00000220   Code   RO          922    .text               lib_mem_a.o
    0x08003584   0x08003584   0x00000002   Code   RO          925    .text               os_cfg_app.o
    0x08003586   0x08003586   0x00000002   PAD
    0x08003588   0x08003588   0x00000ae4   Code   RO          957    .text               os_core.o
    0x0800406c   0x0800406c   0x00000002   Code   RO          970    .text               os_dbg.o
    0x0800406e   0x0800406e   0x00000002   PAD
    0x08004070   0x08004070   0x00000774   Code   RO          986    .text               os_flag.o
    0x080047e4   0x080047e4   0x0000031c   Code   RO          999    .text               os_int.o
    0x08004b00   0x08004b00   0x0000017c   Code   RO         1011    .text               os_mem.o
    0x08004c7c   0x08004c7c   0x00000188   Code   RO         1023    .text               os_msg.o
    0x08004e04   0x08004e04   0x00000704   Code   RO         1035    .text               os_mutex.o
    0x08005508   0x08005508   0x00000070   Code   RO         1054    .text               os_prio.o
    0x08005578   0x08005578   0x00000608   Code   RO         1073    .text               os_q.o
    0x08005b80   0x08005b80   0x00000568   Code   RO         1086    .text               os_sem.o
    0x080060e8   0x080060e8   0x0000040c   Code   RO         1099    .text               os_stat.o
    0x080064f4   0x080064f4   0x00000f30   Code   RO         1111    .text               os_task.o
    0x08007424   0x08007424   0x00000358   Code   RO         1123    .text               os_tick.o
    0x0800777c   0x0800777c   0x00000310   Code   RO         1136    .text               os_time.o
    0x08007a8c   0x08007a8c   0x00000664   Code   RO         1148    .text               os_tmr.o
    0x080080f0   0x080080f0   0x0000025c   Code   RO         1238    .text               os_cpu_c.o
    0x0800834c   0x0800834c   0x00000218   Code   RO         1282    .text               can.o
    0x08008564   0x08008564   0x00000310   Code   RO         1316    .text               encoder.o
    0x08008874   0x08008874   0x00000040   Code   RO         1343    .text               led.o
    0x080088b4   0x080088b4   0x00000538   Code   RO         1363    .text               pid.o
    0x08008dec   0x08008dec   0x00000378   Code   RO         1391    .text               tb6612.o
    0x08009164   0x08009164   0x0000007c   Code   RO         1418    .text               tim.o
    0x080091e0   0x080091e0   0x00000002   Code   RO         1438    .text               c_w.l(use_no_semi_2.o)
    0x080091e2   0x080091e2   0x000000ee   Code   RO         1440    .text               c_w.l(lludivv7m.o)
    0x080092d0   0x080092d0   0x00000006   Code   RO         1442    .text               c_w.l(heapauxi.o)
    0x080092d6   0x080092d6   0x00000002   Code   RO         1486    .text               c_w.l(use_no_semi.o)
    0x080092d8   0x080092d8   0x00000016   Code   RO         1493    .text               c_w.l(_rserrno.o)
    0x080092ee   0x080092ee   0x00000002   PAD
    0x080092f0   0x080092f0   0x00000008   Code   RO         1554    .text               c_w.l(rt_errno_addr_intlibspace.o)
    0x080092f8   0x080092f8   0x00000008   Code   RO         1576    .text               c_w.l(libspace.o)
    0x08009300   0x08009300   0x0000004a   Code   RO         1579    .text               c_w.l(sys_stackheap_outer.o)
    0x0800934a   0x0800934a   0x00000012   Code   RO         1581    .text               c_w.l(exit.o)
    0x0800935c   0x0800935c   0x000000ac   Code   RO         1262    CODE                os_cpu_a.o
    0x08009408   0x08009408   0x00000030   Code   RO         1572    i.__ARM_fpclassify  m_wm.l(fpclassify.o)
    0x08009438   0x08009438   0x000000c8   Code   RO         1462    i.__hardfp_cos      m_wm.l(cos.o)
    0x08009500   0x08009500   0x000000c8   Code   RO         1474    i.__hardfp_sin      m_wm.l(sin.o)
    0x080095c8   0x080095c8   0x00000438   Code   RO         1523    i.__ieee754_rem_pio2  m_wm.l(rred.o)
    0x08009a00   0x08009a00   0x00000170   Code   RO         1506    i.__kernel_cos      m_wm.l(cos_i.o)
    0x08009b70   0x08009b70   0x000000f8   Code   RO         1574    i.__kernel_poly     m_wm.l(poly.o)
    0x08009c68   0x08009c68   0x00000130   Code   RO         1528    i.__kernel_sin      m_wm.l(sin_i.o)
    0x08009d98   0x08009d98   0x00000014   Code   RO         1510    i.__mathlib_dbl_infnan  m_wm.l(dunder.o)
    0x08009dac   0x08009dac   0x00000004   PAD
    0x08009db0   0x08009db0   0x00000020   Code   RO         1512    i.__mathlib_dbl_invalid  m_wm.l(dunder.o)
    0x08009dd0   0x08009dd0   0x00000020   Code   RO         1515    i.__mathlib_dbl_underflow  m_wm.l(dunder.o)
    0x08009df0   0x08009df0   0x00000018   Code   RO         1568    i.fabs              m_wm.l(fabs.o)
    0x08009e08   0x08009e08   0x00000018   Code   RO         1495    x$fpl$basic         fz_wm.l(basic.o)
    0x08009e20   0x08009e20   0x00000062   Code   RO         1446    x$fpl$d2f           fz_wm.l(d2f.o)
    0x08009e82   0x08009e82   0x00000002   PAD
    0x08009e84   0x08009e84   0x00000150   Code   RO         1448    x$fpl$dadd          fz_wm.l(daddsub_clz.o)
    0x08009fd4   0x08009fd4   0x000002b0   Code   RO         1455    x$fpl$ddiv          fz_wm.l(ddiv.o)
    0x0800a284   0x0800a284   0x0000005e   Code   RO         1556    x$fpl$dfix          fz_wm.l(dfix.o)
    0x0800a2e2   0x0800a2e2   0x0000002e   Code   RO         1561    x$fpl$dflt          fz_wm.l(dflt_clz.o)
    0x0800a310   0x0800a310   0x00000026   Code   RO         1560    x$fpl$dfltu         fz_wm.l(dflt_clz.o)
    0x0800a336   0x0800a336   0x00000002   PAD
    0x0800a338   0x0800a338   0x00000154   Code   RO         1458    x$fpl$dmul          fz_wm.l(dmul.o)
    0x0800a48c   0x0800a48c   0x0000009c   Code   RO         1497    x$fpl$dnaninf       fz_wm.l(dnaninf.o)
    0x0800a528   0x0800a528   0x0000000c   Code   RO         1499    x$fpl$dretinf       fz_wm.l(dretinf.o)
    0x0800a534   0x0800a534   0x00000016   Code   RO         1449    x$fpl$drsb          fz_wm.l(daddsub_clz.o)
    0x0800a54a   0x0800a54a   0x00000002   PAD
    0x0800a54c   0x0800a54c   0x000001d4   Code   RO         1450    x$fpl$dsub          fz_wm.l(daddsub_clz.o)
    0x0800a720   0x0800a720   0x00000056   Code   RO         1460    x$fpl$f2d           fz_wm.l(f2d.o)
    0x0800a776   0x0800a776   0x0000008c   Code   RO         1501    x$fpl$fnaninf       fz_wm.l(fnaninf.o)
    0x0800a802   0x0800a802   0x0000000a   Code   RO         1659    x$fpl$fpinit        fz_wm.l(fpinit.o)
    0x0800a80c   0x0800a80c   0x0000000a   Code   RO         1503    x$fpl$fretinf       fz_wm.l(fretinf.o)
    0x0800a816   0x0800a816   0x00000000   Code   RO         1505    x$fpl$usenofp       fz_wm.l(usenofp.o)
    0x0800a816   0x0800a816   0x00000100   Data   RO          821    .constdata          cpu_core.o
    0x0800a916   0x0800a916   0x00000002   PAD
    0x0800a918   0x0800a918   0x00000094   Data   RO          905    .constdata          lib_str.o
    0x0800a9ac   0x0800a9ac   0x00000094   Data   RO          936    .constdata          os_cfg_app.o
    0x0800aa40   0x0800aa40   0x00000030   Data   RO         1507    .constdata          m_wm.l(cos_i.o)
    0x0800aa70   0x0800aa70   0x000000c8   Data   RO         1525    .constdata          m_wm.l(rred.o)
    0x0800ab38   0x0800ab38   0x00000028   Data   RO         1529    .constdata          m_wm.l(sin_i.o)
    0x0800ab60   0x0800ab60   0x00000020   Data   RO         1713    Region$$Table       anon$$obj.o


    Execution Region RW_IRAM1 (Exec base: 0x20000000, Load base: 0x0800ab80, Size: 0x000034f8, Max: 0x00020000, ABSOLUTE, COMPRESSED[0x00000018])

    Exec Addr    Load Addr    Size         Type   Attr      Idx    E Section Name        Object

    0x20000000   COMPRESSED   0x00000014   Data   RW          368    .data               system_stm32f4xx.o
    0x20000014   COMPRESSED   0x00000010   Data   RW          498    .data               stm32f4xx_rcc.o
    0x20000024   COMPRESSED   0x00000004   Data   RW          624    .data               delay.o
    0x20000028   COMPRESSED   0x00000002   Data   RW          755    .data               usart.o
    0x2000002a   COMPRESSED   0x00000002   PAD
    0x2000002c   COMPRESSED   0x00000004   Data   RW          823    .data               cpu_core.o
    0x20000030   COMPRESSED   0x00000004   Data   RW          887    .data               lib_mem.o
    0x20000034   COMPRESSED   0x00000008   Data   RW         1055    .data               os_prio.o
    0x2000003c   COMPRESSED   0x00000004   Data   RW         1167    .data               os_var.o
    0x20000040   COMPRESSED   0x00000004   Data   RW         1168    .data               os_var.o
    0x20000044   COMPRESSED   0x00000004   Data   RW         1169    .data               os_var.o
    0x20000048   COMPRESSED   0x00000004   Data   RW         1170    .data               os_var.o
    0x2000004c   COMPRESSED   0x00000004   Data   RW         1171    .data               os_var.o
    0x20000050   COMPRESSED   0x00000004   Data   RW         1172    .data               os_var.o
    0x20000054   COMPRESSED   0x00000004   Data   RW         1173    .data               os_var.o
    0x20000058   COMPRESSED   0x00000004   Data   RW         1174    .data               os_var.o
    0x2000005c   COMPRESSED   0x00000001   Data   RW         1175    .data               os_var.o
    0x2000005d   COMPRESSED   0x00000001   Data   RW         1176    .data               os_var.o
    0x2000005e   COMPRESSED   0x00000002   PAD
    0x20000060   COMPRESSED   0x00000004   Data   RW         1177    .data               os_var.o
    0x20000064   COMPRESSED   0x00000004   Data   RW         1178    .data               os_var.o
    0x20000068   COMPRESSED   0x00000002   Data   RW         1179    .data               os_var.o
    0x2000006a   COMPRESSED   0x00000002   Data   RW         1180    .data               os_var.o
    0x2000006c   COMPRESSED   0x00000002   Data   RW         1181    .data               os_var.o
    0x2000006e   COMPRESSED   0x00000002   PAD
    0x20000070   COMPRESSED   0x00000004   Data   RW         1182    .data               os_var.o
    0x20000074   COMPRESSED   0x00000004   Data   RW         1183    .data               os_var.o
    0x20000078   COMPRESSED   0x00000002   Data   RW         1184    .data               os_var.o
    0x2000007a   COMPRESSED   0x00000002   PAD
    0x2000007c   COMPRESSED   0x00000004   Data   RW         1185    .data               os_var.o
    0x20000080   COMPRESSED   0x00000002   Data   RW         1186    .data               os_var.o
    0x20000082   COMPRESSED   0x00000002   PAD
    0x20000084   COMPRESSED   0x00000004   Data   RW         1187    .data               os_var.o
    0x20000088   COMPRESSED   0x00000002   Data   RW         1188    .data               os_var.o
    0x2000008a   COMPRESSED   0x00000001   Data   RW         1189    .data               os_var.o
    0x2000008b   COMPRESSED   0x00000001   Data   RW         1190    .data               os_var.o
    0x2000008c   COMPRESSED   0x00000001   Data   RW         1191    .data               os_var.o
    0x2000008d   COMPRESSED   0x00000003   PAD
    0x20000090   COMPRESSED   0x00000004   Data   RW         1192    .data               os_var.o
    0x20000094   COMPRESSED   0x00000002   Data   RW         1193    .data               os_var.o
    0x20000096   COMPRESSED   0x00000002   PAD
    0x20000098   COMPRESSED   0x00000004   Data   RW         1194    .data               os_var.o
    0x2000009c   COMPRESSED   0x00000004   Data   RW         1195    .data               os_var.o
    0x200000a0   COMPRESSED   0x00000004   Data   RW         1196    .data               os_var.o
    0x200000a4   COMPRESSED   0x00000001   Data   RW         1197    .data               os_var.o
    0x200000a5   COMPRESSED   0x00000003   PAD
    0x200000a8   COMPRESSED   0x00000004   Data   RW         1198    .data               os_var.o
    0x200000ac   COMPRESSED   0x00000001   Data   RW         1199    .data               os_var.o
    0x200000ad   COMPRESSED   0x00000003   PAD
    0x200000b0   COMPRESSED   0x00000004   Data   RW         1200    .data               os_var.o
    0x200000b4   COMPRESSED   0x00000002   Data   RW         1201    .data               os_var.o
    0x200000b6   COMPRESSED   0x00000001   Data   RW         1202    .data               os_var.o
    0x200000b7   COMPRESSED   0x00000001   PAD
    0x200000b8   COMPRESSED   0x00000002   Data   RW         1203    .data               os_var.o
    0x200000ba   COMPRESSED   0x00000002   Data   RW         1204    .data               os_var.o
    0x200000bc   COMPRESSED   0x00000004   Data   RW         1205    .data               os_var.o
    0x200000c0   COMPRESSED   0x00000004   Data   RW         1206    .data               os_var.o
    0x200000c4   COMPRESSED   0x00000004   Data   RW         1207    .data               os_var.o
    0x200000c8   COMPRESSED   0x00000001   Data   RW         1208    .data               os_var.o
    0x200000c9   COMPRESSED   0x00000003   PAD
    0x200000cc   COMPRESSED   0x00000004   Data   RW         1209    .data               os_var.o
    0x200000d0   COMPRESSED   0x00000004   Data   RW         1210    .data               os_var.o
    0x200000d4   COMPRESSED   0x00000004   Data   RW         1211    .data               os_var.o
    0x200000d8   COMPRESSED   0x00000002   Data   RW         1212    .data               os_var.o
    0x200000da   COMPRESSED   0x00000001   Data   RW         1213    .data               os_var.o
    0x200000db   COMPRESSED   0x00000001   PAD
    0x200000dc   COMPRESSED   0x00000004   Data   RW         1214    .data               os_var.o
    0x200000e0   COMPRESSED   0x00000004   Data   RW         1215    .data               os_var.o
    0x200000e4   COMPRESSED   0x00000004   Data   RW         1216    .data               os_var.o
    0x200000e8   COMPRESSED   0x00000002   Data   RW         1217    .data               os_var.o
    0x200000ea   COMPRESSED   0x00000002   PAD
    0x200000ec   COMPRESSED   0x00000004   Data   RW         1218    .data               os_var.o
    0x200000f0   COMPRESSED   0x00000004   Data   RW         1219    .data               os_var.o
    0x200000f4   COMPRESSED   0x00000004   Data   RW         1220    .data               os_var.o
    0x200000f8   COMPRESSED   0x00000004   Data   RW         1221    .data               os_var.o
    0x200000fc   COMPRESSED   0x00000004   Data   RW         1222    .data               os_var.o
    0x20000100   COMPRESSED   0x00000004   Data   RW         1223    .data               os_var.o
    0x20000104   COMPRESSED   0x00000004   Data   RW         1239    .data               os_cpu_c.o
    0x20000108   COMPRESSED   0x0000000c   Data   RW         1287    .data               can.o
    0x20000114   COMPRESSED   0x00000010   Data   RW         1318    .data               encoder.o
    0x20000124   COMPRESSED   0x00000010   Data   RW         1366    .data               pid.o
    0x20000134        -       0x00000b10   Zero   RW            4    .bss                main.o
    0x20000c44        -       0x000000c8   Zero   RW          754    .bss                usart.o
    0x20000d0c        -       0x00000010   Zero   RW          820    .bss                cpu_core.o
    0x20000d1c        -       0x00000448   Zero   RW          886    .bss                lib_mem.o
    0x20001164        -       0x00000200   Zero   RW          926    .bss                os_cfg_app.o
    0x20001364        -       0x00000140   Zero   RW          927    .bss                os_cfg_app.o
    0x200014a4        -       0x00000200   Zero   RW          928    .bss                os_cfg_app.o
    0x200016a4        -       0x00000200   Zero   RW          929    .bss                os_cfg_app.o
    0x200018a4        -       0x00000640   Zero   RW          930    .bss                os_cfg_app.o
    0x20001ee4        -       0x00000200   Zero   RW          931    .bss                os_cfg_app.o
    0x200020e4        -       0x00000200   Zero   RW          932    .bss                os_cfg_app.o
    0x200022e4        -       0x00000088   Zero   RW          933    .bss                os_cfg_app.o
    0x2000236c        -       0x00000200   Zero   RW          934    .bss                os_cfg_app.o
    0x2000256c        -       0x00000088   Zero   RW          935    .bss                os_cfg_app.o
    0x200025f4        -       0x000000c4   Zero   RW         1160    .bss                os_var.o
    0x200026b8        -       0x000000c4   Zero   RW         1161    .bss                os_var.o
    0x2000277c        -       0x0000000c   Zero   RW         1162    .bss                os_var.o
    0x20002788        -       0x00000300   Zero   RW         1163    .bss                os_var.o
    0x20002a88        -       0x000000c4   Zero   RW         1164    .bss                os_var.o
    0x20002b4c        -       0x000000c4   Zero   RW         1165    .bss                os_var.o
    0x20002c10        -       0x000000c4   Zero   RW         1166    .bss                os_var.o
    0x20002cd4        -       0x00000014   Zero   RW         1283    .bss                can.o
    0x20002ce8        -       0x00000060   Zero   RW         1317    .bss                encoder.o
    0x20002d48        -       0x00000140   Zero   RW         1365    .bss                pid.o
    0x20002e88        -       0x00000010   Zero   RW         1392    .bss                tb6612.o
    0x20002e98        -       0x00000060   Zero   RW         1577    .bss                c_w.l(libspace.o)
    0x20002ef8        -       0x00000200   Zero   RW          423    HEAP                startup_stm32f40_41xxx.o
    0x200030f8        -       0x00000400   Zero   RW          422    STACK               startup_stm32f40_41xxx.o


==============================================================================

Image component sizes


      Code (inc. data)   RO Data    RW Data    ZI Data      Debug   Object Name

       104         14          0          0          0       1809   bsp.o
       536         26          0         12         20       2811   can.o
        52          0          0          0          0        320   cpu_a.o
       444         12        256          4         16      14373   cpu_core.o
       264         22          0          4          0      41739   delay.o
       784         42          0         16         96       2211   encoder.o
        64          6          0          0          0        523   led.o
       346          0          0          0          0       4474   lib_ascii.o
      1612         24          0          4       1096      22076   lib_mem.o
       544          0          0          0          0        468   lib_mem_a.o
      1432          4        148          0          0      11948   lib_str.o
       440         92          0          0       2832     299864   main.o
       176         12          0          0          0     239489   misc.o
         2          0        148          0       5264      20818   os_cfg_app.o
      2788        270          0          0          0      13451   os_core.o
       172         32          0          0          0        388   os_cpu_a.o
       604         66          0          4          0       3925   os_cpu_c.o
         2          0          0          0          0        490   os_dbg.o
      1908         82          0          0          0       7909   os_flag.o
       796        146          0          0          0       2484   os_int.o
       380         22          0          0          0       2740   os_mem.o
       392         14          0          0          0       3123   os_msg.o
      1796         96          0          0          0       5884   os_mutex.o
       112          4          0          8          0       1900   os_prio.o
      1544         64          0          0          0       6562   os_q.o
      1384         58          0          0          0       6410   os_sem.o
      1036        146          0          0          0       2865   os_stat.o
      3888        214          0          0          0      14854   os_task.o
       856         82          0          0          0       3619   os_tick.o
       784         42          0          0          0       3325   os_time.o
      1636        130          0          0          0       6714   os_tmr.o
         0          0          0        174       1760      19317   os_var.o
      1336         92          0         16        320       4264   pid.o
         6          0          0          0          0        620   pr_task.o
        64         26        392          0       1536        828   startup_stm32f40_41xxx.o
      1800         42          0          0          0       8876   stm32f4xx_can.o
       568         46          0          0          0       4617   stm32f4xx_gpio.o
        14          0          0          0          0      49051   stm32f4xx_it.o
      1152         48          0         16          0      13440   stm32f4xx_rcc.o
      2524         52          0          0          0      23126   stm32f4xx_tim.o
       856         32          0          0          0       8280   stm32f4xx_usart.o
       380         36          0         20          0       1851   system_stm32f4xx.o
       888         58          0          0         16       3063   tb6612.o
       124          0          0          0          0        732   tim.o
       300         18          0          2        200       3314   usart.o

    ----------------------------------------------------------------------
     36900       2172        978        308      13156     890945   Object Totals
         0          0         32          0          0          0   (incl. Generated)
        10          0          2         28          0          0   (incl. Padding)

    ----------------------------------------------------------------------

      Code (inc. data)   RO Data    RW Data    ZI Data      Debug   Library Member Name

        90          0          0          0          0          0   __dczerorl2.o
         8          0          0          0          0         68   __main.o
         0          0          0          0          0          0   __rtentry.o
        12          0          0          0          0          0   __rtentry2.o
         6          0          0          0          0          0   __rtentry4.o
        52          8          0          0          0          0   __scatter.o
        28          0          0          0          0          0   __scatter_zi.o
        22          0          0          0          0        100   _rserrno.o
        18          0          0          0          0         80   exit.o
         6          0          0          0          0        152   heapauxi.o
         2          0          0          0          0          0   libinit.o
         6          0          0          0          0          0   libinit2.o
         2          0          0          0          0          0   libshutdown.o
         2          0          0          0          0          0   libshutdown2.o
         8          4          0          0         96         68   libspace.o
       238          0          0          0          0        100   lludivv7m.o
         8          4          0          0          0         68   rt_errno_addr_intlibspace.o
         2          0          0          0          0          0   rtexit.o
        10          0          0          0          0          0   rtexit2.o
        74          0          0          0          0         80   sys_stackheap_outer.o
         2          0          0          0          0         68   use_no_semi.o
         2          0          0          0          0         68   use_no_semi_2.o
        24          0          0          0          0        164   basic.o
        98          4          0          0          0        140   d2f.o
       826         16          0          0          0        492   daddsub_clz.o
       688        140          0          0          0        256   ddiv.o
        94          4          0          0          0        140   dfix.o
        84          0          0          0          0        232   dflt_clz.o
       340         12          0          0          0        152   dmul.o
       156          4          0          0          0        140   dnaninf.o
        12          0          0          0          0        116   dretinf.o
        86          4          0          0          0        132   f2d.o
       140          4          0          0          0        132   fnaninf.o
        10          0          0          0          0        116   fpinit.o
        10          0          0          0          0        116   fretinf.o
         0          0          0          0          0          0   usenofp.o
       200         20          0          0          0        164   cos.o
       368         46         48          0          0        200   cos_i.o
        84         16          0          0          0        372   dunder.o
        24          0          0          0          0        124   fabs.o
        48          0          0          0          0        124   fpclassify.o
       248          0          0          0          0        152   poly.o
      1080        142        200          0          0        188   rred.o
       200         20          0          0          0        164   sin.o
       304         24         40          0          0        208   sin_i.o

    ----------------------------------------------------------------------
      5738        472        288          0         96       4876   Library Totals
        16          0          0          0          0          0   (incl. Padding)

    ----------------------------------------------------------------------

      Code (inc. data)   RO Data    RW Data    ZI Data      Debug   Library Name

       598         16          0          0         96        852   c_w.l
      2568        188          0          0          0       2328   fz_wm.l
      2556        268        288          0          0       1696   m_wm.l

    ----------------------------------------------------------------------
      5738        472        288          0         96       4876   Library Totals

    ----------------------------------------------------------------------

==============================================================================


      Code (inc. data)   RO Data    RW Data    ZI Data      Debug   

     42638       2644       1266        308      13252     883309   Grand Totals
     42638       2644       1266         24      13252     883309   ELF Image Totals (compressed)
     42638       2644       1266         24          0          0   ROM Totals

==============================================================================

    Total RO  Size (Code + RO Data)                43904 (  42.88kB)
    Total RW  Size (RW Data + ZI Data)             13560 (  13.24kB)
    Total ROM Size (Code + RO Data + RW Data)      43928 (  42.90kB)

==============================================================================

